<html>
<body>
<pre>
<h1>µVision Build Log</h1>
<h2>Tool Versions:</h2>
IDE-Version: µVision V5.29.0.0
Copyright (C) 2019 ARM Ltd and ARM Germany GmbH. All rights reserved.
License Information: Ram Bala, NCSU, LIC=----
 
Tool Versions:
Toolchain:       MDK-Lite  Version: 5.29.0.0
Toolchain Path:  C:\Keil_v5\ARM\ARMCC\Bin
C Compiler:      Armcc.exe V5.06 update 6 (build 750)
Assembler:       Armasm.exe V5.06 update 6 (build 750)
Linker/Locator:  ArmLink.exe V5.06 update 6 (build 750)
Library Manager: ArmAr.exe V5.06 update 6 (build 750)
Hex Converter:   FromElf.exe V5.06 update 6 (build 750)
CPU DLL:         SARMCM3.DLL V5.29.0.0
Dialog DLL:      DARMCM1.DLL V1.19.2.0
Target DLL:      PEMicro\Pemicro_ArmCortexInterface.dll V1.3.0.0
Dialog DLL:      TARMCM1.DLL V1.14.1.0
 
<h2>Project:</h2>
C:\Users\ramba\Desktop\ECE 461\Projects\Project1\LCDs_Profiler.uvprojx
Project File Date:  03/04/2020

<h2>Output:</h2>
*** Using Compiler 'V5.06 update 6 (build 750)', folder: 'C:\Keil_v5\ARM\ARMCC\Bin'
Rebuild target 'Target 1'
compiling LEDs.c...
compiling delay.c...
compiling main.c...
compiling MMA8451.c...
compiling debug.c...
compiling I2C.c...
compiling timers.c...
compiling UART.c...
compiling queue.c...
compiling region.c...
compiling profile.c...
compiling PIT.c...
compiling LCD_JPEG.c...
compiling LCD_graphics.c...
compiling LCD_text.c...
compiling lucida_8x13.c...
compiling lucida_12x19.c...
compiling touchscreen.c...
compiling ST7789.c...
compiling colors.c...
Source\LCD\colors.c(21): warning:  #1-D: last line of file ends without a newline
  	
Source\LCD\colors.c: 1 warning, 0 errors
compiling diskio.c...
compiling picojpeg.c...
Source\LCD\picojpeg.c(1068): warning:  #177-D: function "findEOI"  was declared but never referenced
  static uint8 findEOI(void)
Source\LCD\picojpeg.c: 1 warning, 0 errors
compiling sd_io.c...
assembling startup_MKL25Z4.s...
compiling spi_io.c...
compiling pff.c...
compiling system_MKL25Z4.c...
linking...
Program Size: Code=19004 RO-data=8364 RW-data=200 ZI-data=7384  
After Build - User command #1: Scripts\update_regions_MDK.bat .\Objects\LCDs_Profiler.axf
C:\Users\ramba\Desktop\ECE 461\Projects\Project1>GetRegions.exe .\Objects\LCDs_Profiler.axf -c -s -x__ -x_ -xQ_ -xPIT_ -oSource\Profiler\region.c 
'GetRegions.exe' is not recognized as an internal or external command,
operable program or batch file.
C:\Users\ramba\Desktop\ECE 461\Projects\Project1>fromelf.exe --text -c --output .\Objects\LCDs_Profiler.axf.dis.txt .\Objects\LCDs_Profiler.axf   
After Build - User command #2: Scripts\find_sizes.bat .\Objects\LCDs_Profiler.axf
C:\Users\ramba\Desktop\ECE 461\Projects\Project1>GetRegions.exe .\Objects\LCDs_Profiler.axf -z -o.\Objects\function_sizes.txt 
'GetRegions.exe' is not recognized as an internal or external command,
operable program or batch file.
C:\Users\ramba\Desktop\ECE 461\Projects\Project1>sort /R .\Objects\function_sizes.txt /O .\Objects\sorted_function_sizes.txt 
C:\Users\ramba\Desktop\ECE 461\Projects\Project1>exit /b 0  
".\Objects\LCDs_Profiler.axf" - 0 Error(s), 2 Warning(s).

<h2>Software Packages used:</h2>

Package Vendor: ARM
                http://www.keil.com/pack/ARM.CMSIS.5.6.0.pack
                ARM.CMSIS.5.6.0
                CMSIS (Cortex Microcontroller Software Interface Standard)
   * Component: CORE Version: 5.3.0

Package Vendor: Keil
                http://www.keil.com/pack/Keil.Kinetis_KLxx_DFP.1.15.0.pack
                Keil.Kinetis_KLxx_DFP.1.15.0
                NXP Kinetis KLxx Series Device Support and Examples
   * Component: Startup Version: 2.5.0

<h2>Collection of Component include folders:</h2>
  .\RTE\Device\MKL25Z128xxx4
  .\RTE\_Target_1
  C:\Users\ramba\AppData\Local\Arm\Packs\ARM\CMSIS\5.6.0\CMSIS\Core\Include
  C:\Users\ramba\AppData\Local\Arm\Packs\Keil\Kinetis_KLxx_DFP\1.15.0\Device\Include

<h2>Collection of Component Files used:</h2>

   * Component: ARM::CMSIS:CORE:5.3.0

   * Component: Keil::Device:Startup:2.5.0
      Source file:   Device\Source\ARM\startup_MKL25Z4.s
      Source file:   Device\Source\system_MKL25Z4.c
      Include file:  Device\Source\system_MKL25Z4.h
Build Time Elapsed:  00:00:08
</pre>
</body>
</html>
