Component: ARM Compiler 5.06 update 6 (build 750) Tool: armlink [4d35ed]

==============================================================================

              symbol visibility : __ARM_asm.debug_abbrev.1 set to STV_DEFAULT.
              symbol visibility : __asm___7_delay_c_Delay____REV16 set to STV_HIDDEN.
              symbol visibility : __asm___7_delay_c_Delay____REVSH set to STV_HIDDEN.
              symbol visibility : __ARM_grp..debug_abbrev.group.2_Am0000_lbphKItke$2_000000 set to STV_HIDDEN.
              symbol visibility : __ARM_grp..debug_info$MKL25Z4.H$.2_YqC100_iPGlkNwul70_710000 set to STV_HIDDEN.
              symbol visibility : __ARM_grp..debug_info$cmsis_armcc.h$.2_E92000_0jzfbIGn$Ac_R00000 set to STV_HIDDEN.
              symbol visibility : __ARM_grp..debug_info$cmsis_compiler.h$.2_Mw0000_P6XDjVk$Q51_300000 set to STV_HIDDEN.
              symbol visibility : __ARM_grp..debug_info$cmsis_version.h$.2_Uy0000_xjfS1xcGji7_300000 set to STV_HIDDEN.
              symbol visibility : __ARM_grp..debug_info$core_cm0plus.h$.2_A6U000_iFFCDPoDHZa_h20000 set to STV_HIDDEN.
              symbol visibility : __ARM_grp..debug_info$delay.c$.2_4e1000_vNha2tZsnP4_700000 set to STV_HIDDEN.
              symbol visibility : __ARM_grp..debug_info$stdint.h$.2_8G1000_Y8yz6lqXnp2_300000 set to STV_HIDDEN.
              symbol visibility : __ARM_grp..debug_info$system_MKL25Z4.h$.2_mZ2000_Is528yOBAKf_f00000 set to STV_HIDDEN.
              symbol visibility : __ARM_grp.MKL25Z4.H.2_YqC100_iPGlkNwul70_710000 set to STV_HIDDEN.
              symbol visibility : __ARM_grp.cmsis_armcc.h.2_E92000_0jzfbIGn$Ac_R00000 set to STV_HIDDEN.
              symbol visibility : __ARM_grp.cmsis_compiler.h.2_Mw0000_P6XDjVk$Q51_300000 set to STV_HIDDEN.
              symbol visibility : __ARM_grp.cmsis_version.h.2_Uy0000_xjfS1xcGji7_300000 set to STV_HIDDEN.
              symbol visibility : __ARM_grp.core_cm0plus.h.2_A6U000_iFFCDPoDHZa_h20000 set to STV_HIDDEN.
              symbol visibility : __ARM_grp.delay.c.2_4e1000_vNha2tZsnP4_700000 set to STV_HIDDEN.
              symbol visibility : __ARM_grp.stdint.h.2_8G1000_Y8yz6lqXnp2_300000 set to STV_HIDDEN.
              symbol visibility : __ARM_grp.system_MKL25Z4.h.2_mZ2000_Is528yOBAKf_f00000 set to STV_HIDDEN.
              symbol visibility : __ARM_grp..debug_line$MKL25Z4.H$.2_YqC100_iPGlkNwul70_710000 set to STV_HIDDEN.
              symbol visibility : __ARM_grp..debug_line$cmsis_armcc.h$.2_E92000_0jzfbIGn$Ac_R00000 set to STV_HIDDEN.
              symbol visibility : __ARM_grp..debug_line$cmsis_compiler.h$.2_Mw0000_P6XDjVk$Q51_300000 set to STV_HIDDEN.
              symbol visibility : __ARM_grp..debug_line$cmsis_version.h$.2_Uy0000_xjfS1xcGji7_300000 set to STV_HIDDEN.
              symbol visibility : __ARM_grp..debug_line$core_cm0plus.h$.2_A6U000_iFFCDPoDHZa_h20000 set to STV_HIDDEN.
              symbol visibility : __ARM_grp..debug_line$delay.c$.2_4e1000_vNha2tZsnP4_700000 set to STV_HIDDEN.
              symbol visibility : __ARM_grp..debug_line$stdint.h$.2_8G1000_Y8yz6lqXnp2_300000 set to STV_HIDDEN.
              symbol visibility : __ARM_grp..debug_line$system_MKL25Z4.h$.2_mZ2000_Is528yOBAKf_f00000 set to STV_HIDDEN.
              symbol visibility : __ARM_grp..debug_macinfo$MKL25Z4.H$.2_YqC100_iPGlkNwul70_710000 set to STV_HIDDEN.
              symbol visibility : __ARM_grp..debug_macinfo$cmsis_armcc.h$.2_E92000_0jzfbIGn$Ac_R00000 set to STV_HIDDEN.
              symbol visibility : __ARM_grp..debug_macinfo$cmsis_compiler.h$.2_Mw0000_P6XDjVk$Q51_300000 set to STV_HIDDEN.
              symbol visibility : __ARM_grp..debug_macinfo$cmsis_version.h$.2_Uy0000_xjfS1xcGji7_300000 set to STV_HIDDEN.
              symbol visibility : __ARM_grp..debug_macinfo$core_cm0plus.h$.2_A6U000_iFFCDPoDHZa_h20000 set to STV_HIDDEN.
              symbol visibility : __ARM_grp..debug_macinfo$delay.c$.2_4e1000_vNha2tZsnP4_700000 set to STV_HIDDEN.
              symbol visibility : __ARM_grp..debug_macinfo$stdint.h$.2_8G1000_Y8yz6lqXnp2_300000 set to STV_HIDDEN.
              symbol visibility : __ARM_grp..debug_macinfo$system_MKL25Z4.h$.2_mZ2000_Is528yOBAKf_f00000 set to STV_HIDDEN.
              symbol visibility : __ARM_grp..debug_pubnames$system_MKL25Z4.h$.2_mZ2000_Is528yOBAKf_f00000 set to STV_HIDDEN.
              symbol visibility : Delay set to STV_HIDDEN.
              symbol visibility : ShortDelay set to STV_HIDDEN.
              symbol visibility : __asm___6_LEDs_c_19292f37____REV16 set to STV_HIDDEN.
              symbol visibility : __asm___6_LEDs_c_19292f37____REVSH set to STV_HIDDEN.
              symbol visibility : __ARM_grp..debug_info$LEDs.c$.2_sv0000_HWzPY0Zwk62_300000 set to STV_HIDDEN.
              symbol visibility : __ARM_grp..debug_info$LEDs.h$.2_gt0000_AJ_3EkKogM8_300000 set to STV_HIDDEN.
              symbol visibility : __ARM_grp..debug_info$gpio_defs.h$.2_ku0000_uoV2g3L$D73_300000 set to STV_HIDDEN.
[...]
    printf7.o(i.__0fprintf$7) refers to printf7.o(i._printf_core) for _printf_core
    printf7.o(i.__0fprintf$7) refers to uart.o(i.fputc) for fputc
    printf7.o(i.__0printf$7) refers to printf7.o(i._printf_core) for _printf_core
    printf7.o(i.__0printf$7) refers to uart.o(i.fputc) for fputc
    printf7.o(i.__0printf$7) refers to uart.o(.data) for __stdout
    printf7.o(i.__0snprintf$7) refers to printf7.o(i._printf_core) for _printf_core
    printf7.o(i.__0snprintf$7) refers to printf7.o(i._snputc) for _snputc
    printf7.o(i.__0sprintf$7) refers to printf7.o(i._printf_core) for _printf_core
    printf7.o(i.__0sprintf$7) refers to printf7.o(i._sputc) for _sputc
    printf7.o(i.__0vfprintf$7) refers to printf7.o(i._printf_core) for _printf_core
    printf7.o(i.__0vfprintf$7) refers to uart.o(i.fputc) for fputc
    printf7.o(i.__0vprintf$7) refers to printf7.o(i._printf_core) for _printf_core
    printf7.o(i.__0vprintf$7) refers to uart.o(i.fputc) for fputc
    printf7.o(i.__0vprintf$7) refers to uart.o(.data) for __stdout
    printf7.o(i.__0vsnprintf$7) refers to printf7.o(i._printf_core) for _printf_core
    printf7.o(i.__0vsnprintf$7) refers to printf7.o(i._snputc) for _snputc
    printf7.o(i.__0vsprintf$7) refers to printf7.o(i._printf_core) for _printf_core
    printf7.o(i.__0vsprintf$7) refers to printf7.o(i._sputc) for _sputc
    printf7.o(i._printf_core) refers to printf7.o(i._printf_pre_padding) for _printf_pre_padding
    printf7.o(i._printf_core) refers to printf7.o(i._printf_post_padding) for _printf_post_padding
    printf7.o(i._printf_core) refers to uldiv.o(.text) for __aeabi_uldivmod
    printf8.o(i.__0fprintf$8) refers to printf8.o(i._printf_core) for _printf_core
    printf8.o(i.__0fprintf$8) refers to uart.o(i.fputc) for fputc
    printf8.o(i.__0printf$8) refers to printf8.o(i._printf_core) for _printf_core
    printf8.o(i.__0printf$8) refers to uart.o(i.fputc) for fputc
    printf8.o(i.__0printf$8) refers to uart.o(.data) for __stdout
    printf8.o(i.__0snprintf$8) refers to printf8.o(i._printf_core) for _printf_core
    printf8.o(i.__0snprintf$8) refers to printf8.o(i._snputc) for _snputc
    printf8.o(i.__0sprintf$8) refers to printf8.o(i._printf_core) for _printf_core
    printf8.o(i.__0sprintf$8) refers to printf8.o(i._sputc) for _sputc
    printf8.o(i.__0vfprintf$8) refers to printf8.o(i._printf_core) for _printf_core
    printf8.o(i.__0vfprintf$8) refers to uart.o(i.fputc) for fputc
    printf8.o(i.__0vprintf$8) refers to printf8.o(i._printf_core) for _printf_core
    printf8.o(i.__0vprintf$8) refers to uart.o(i.fputc) for fputc
    printf8.o(i.__0vprintf$8) refers to uart.o(.data) for __stdout
    printf8.o(i.__0vsnprintf$8) refers to printf8.o(i._printf_core) for _printf_core
    printf8.o(i.__0vsnprintf$8) refers to printf8.o(i._snputc) for _snputc
    printf8.o(i.__0vsprintf$8) refers to printf8.o(i._printf_core) for _printf_core
    printf8.o(i.__0vsprintf$8) refers to printf8.o(i._sputc) for _sputc
    printf8.o(i._printf_core) refers to printf8.o(i._printf_pre_padding) for _printf_pre_padding
    printf8.o(i._printf_core) refers to printf8.o(i._printf_post_padding) for _printf_post_padding
    printf8.o(i._printf_core) refers to uldiv.o(.text) for __aeabi_uldivmod
    printfa.o(i.__0fprintf) refers (Special) to iusefp.o(.text) for __I$use$fp
    printfa.o(i.__0fprintf) refers to printfa.o(i._printf_core) for _printf_core
    printfa.o(i.__0fprintf) refers to uart.o(i.fputc) for fputc
    printfa.o(i.__0printf) refers (Special) to iusefp.o(.text) for __I$use$fp
    printfa.o(i.__0printf) refers to printfa.o(i._printf_core) for _printf_core
    printfa.o(i.__0printf) refers to uart.o(i.fputc) for fputc
    printfa.o(i.__0printf) refers to uart.o(.data) for __stdout
    printfa.o(i.__0snprintf) refers (Special) to iusefp.o(.text) for __I$use$fp
    printfa.o(i.__0snprintf) refers to printfa.o(i._printf_core) for _printf_core
    printfa.o(i.__0snprintf) refers to printfa.o(i._snputc) for _snputc
    printfa.o(i.__0sprintf) refers (Special) to iusefp.o(.text) for __I$use$fp
    printfa.o(i.__0sprintf) refers to printfa.o(i._printf_core) for _printf_core
    printfa.o(i.__0sprintf) refers to printfa.o(i._sputc) for _sputc
    printfa.o(i.__0vfprintf) refers (Special) to iusefp.o(.text) for __I$use$fp
    printfa.o(i.__0vfprintf) refers to printfa.o(i._printf_core) for _printf_core
    printfa.o(i.__0vfprintf) refers to uart.o(i.fputc) for fputc
    printfa.o(i.__0vprintf) refers (Special) to iusefp.o(.text) for __I$use$fp
    printfa.o(i.__0vprintf) refers to printfa.o(i._printf_core) for _printf_core
    printfa.o(i.__0vprintf) refers to uart.o(i.fputc) for fputc
    printfa.o(i.__0vprintf) refers to uart.o(.data) for __stdout
    printfa.o(i.__0vsnprintf) refers (Special) to iusefp.o(.text) for __I$use$fp
    printfa.o(i.__0vsnprintf) refers to printfa.o(i._printf_core) for _printf_core
    printfa.o(i.__0vsnprintf) refers to printfa.o(i._snputc) for _snputc
    printfa.o(i.__0vsprintf) refers (Special) to iusefp.o(.text) for __I$use$fp
    printfa.o(i.__0vsprintf) refers to printfa.o(i._printf_core) for _printf_core
    printfa.o(i.__0vsprintf) refers to printfa.o(i._sputc) for _sputc
    printfa.o(i._fp_digits) refers (Special) to iusefp.o(.text) for __I$use$fp
    printfa.o(i._fp_digits) refers to dmul.o(.text) for __aeabi_dmul
    printfa.o(i._fp_digits) refers to ddiv.o(.text) for __aeabi_ddiv
    printfa.o(i._fp_digits) refers to cdrcmple.o(.text) for __aeabi_cdrcmple
    printfa.o(i._fp_digits) refers to dadd.o(.text) for __aeabi_dadd
    printfa.o(i._fp_digits) refers to dfixul.o(.text) for __aeabi_d2ulz
    printfa.o(i._fp_digits) refers to uldiv.o(.text) for __aeabi_uldivmod
    printfa.o(i._printf_core) refers (Special) to iusefp.o(.text) for __I$use$fp
    printfa.o(i._printf_core) refers to printfa.o(i._printf_pre_padding) for _printf_pre_padding
    printfa.o(i._printf_core) refers to uldiv.o(.text) for __aeabi_uldivmod
    printfa.o(i._printf_core) refers to printfa.o(i._printf_post_padding) for _printf_post_padding
    printfa.o(i._printf_core) refers to printfa.o(i._fp_digits) for _fp_digits
    printfa.o(i._printf_core) refers to uidiv.o(.text) for __aeabi_uidivmod
    printfa.o(i._printf_post_padding) refers (Special) to iusefp.o(.text) for __I$use$fp
    printfa.o(i._printf_pre_padding) refers (Special) to iusefp.o(.text) for __I$use$fp
    printfa.o(i._snputc) refers (Special) to iusefp.o(.text) for __I$use$fp
    printfa.o(i._sputc) refers (Special) to iusefp.o(.text) for __I$use$fp
    malloc.o(i.free) refers to mvars.o(.data) for __microlib_freelist
    malloc.o(i.malloc) refers to mvars.o(.data) for __microlib_freelist_initialised
    malloc.o(i.malloc) refers to mvars.o(.data) for __microlib_freelist
    malloc.o(i.malloc) refers to startup_mkl25z4.o(HEAP) for __heap_base
    mallocr.o(i.__free$realloc) refers to mvars.o(.data) for __microlib_freelist
    mallocr.o(i.__malloc$realloc) refers to mallocr.o(i.internal_alloc) for internal_alloc
    mallocr.o(i.__malloc$realloc) refers to mvars.o(.data) for __microlib_freelist_initialised
    mallocr.o(i.__malloc$realloc) refers to startup_mkl25z4.o(HEAP) for __heap_base
    mallocr.o(i.__malloc$realloc) refers to mvars.o(.data) for __microlib_freelist
    mallocr.o(i.internal_alloc) refers to memcpya.o(.text) for __aeabi_memcpy
    mallocr.o(i.internal_alloc) refers to mvars.o(.data) for __microlib_freelist
    mallocr.o(i.realloc) refers to mallocr.o(i.__free$realloc) for __free$realloc
    mallocr.o(i.realloc) refers to mallocr.o(i.internal_alloc) for internal_alloc
    mallocr.o(i.realloc) refers to mallocr.o(i.__malloc$realloc) for __malloc$realloc
    mallocr.o(i.realloc) refers to mvars.o(.data) for __microlib_freelist
    malloca.o(i.__aligned_malloc) refers to mvars.o(.data) for __microlib_freelist
    malloca.o(i.__aligned_malloc) refers to mvars.o(.data) for __microlib_freelist_initialised
    malloca.o(i.__aligned_malloc) refers to startup_mkl25z4.o(HEAP) for __heap_base
    malloca.o(i.__free$memalign) refers to mvars.o(.data) for __microlib_freelist
    malloca.o(i.__malloc$memalign) refers to malloca.o(i.__aligned_malloc) for __aligned_malloc
    mallocra.o(i.__aligned_malloc$realloc) refers to mallocra.o(i.internal_alloc) for internal_alloc
    mallocra.o(i.__aligned_malloc$realloc) refers to startup_mkl25z4.o(HEAP) for __heap_base
    mallocra.o(i.__aligned_malloc$realloc) refers to mvars.o(.data) for __microlib_freelist
    mallocra.o(i.__aligned_malloc$realloc) refers to mvars.o(.data) for __microlib_freelist_initialised
    mallocra.o(i.__free$realloc$memalign) refers to mvars.o(.data) for __microlib_freelist
    mallocra.o(i.__malloc$realloc$memalign) refers to mallocra.o(i.__aligned_malloc$realloc) for __aligned_malloc$realloc
    mallocra.o(i.__realloc$memalign) refers to mallocra.o(i.__free$realloc$memalign) for __free$realloc$memalign
    mallocra.o(i.__realloc$memalign) refers to mallocra.o(i.internal_alloc) for internal_alloc
    mallocra.o(i.__realloc$memalign) refers to mallocra.o(i.__malloc$realloc$memalign) for __malloc$realloc$memalign
    mallocra.o(i.__realloc$memalign) refers to mvars.o(.data) for __microlib_freelist
    mallocra.o(i.internal_alloc) refers to memcpya.o(.text) for __aeabi_memcpy
    mallocra.o(i.internal_alloc) refers to mvars.o(.data) for __microlib_freelist
    fadd.o(.text) refers (Special) to iusefp.o(.text) for __I$use$fp
    fadd.o(.text) refers to fepilogue.o(.text) for _float_epilogue
    fmul.o(.text) refers (Special) to iusefp.o(.text) for __I$use$fp
    fdiv.o(.text) refers (Special) to iusefp.o(.text) for __I$use$fp
    fdiv.o(.text) refers to fepilogue.o(.text) for _float_round
    fscalb.o(.text) refers (Special) to iusefp.o(.text) for __I$use$fp
    ddiv.o(.text) refers (Special) to iusefp.o(.text) for __I$use$fp
    ddiv.o(.text) refers to depilogue.o(.text) for _double_round
    fflti.o(.text) refers (Special) to iusefp.o(.text) for __I$use$fp
    fflti.o(.text) refers to fepilogue.o(.text) for _float_epilogue
    dfltui.o(.text) refers (Special) to iusefp.o(.text) for __I$use$fp
    dfltui.o(.text) refers to depilogue.o(.text) for _double_epilogue
    dfixui.o(.text) refers (Special) to iusefp.o(.text) for __I$use$fp
    dfixui.o(.text) refers to llushr.o(.text) for __aeabi_llsr
    f2d.o(.text) refers (Special) to iusefp.o(.text) for __I$use$fp
    d2f.o(.text) refers (Special) to iusefp.o(.text) for __I$use$fp
    d2f.o(.text) refers to fepilogue.o(.text) for _float_round
    atan.o(i.__softfp_atan) refers (Special) to iusefp.o(.text) for __I$use$fp
    atan.o(i.__softfp_atan) refers to atan.o(i.atan) for atan
    atan.o(i.atan) refers (Special) to iusefp.o(.text) for __I$use$fp
    atan.o(i.atan) refers to dunder.o(i.__mathlib_dbl_infnan) for __mathlib_dbl_infnan
    atan.o(i.atan) refers to fpclassify.o(i.__ARM_fpclassify) for __ARM_fpclassify
    atan.o(i.atan) refers to dunder.o(i.__mathlib_dbl_underflow) for __mathlib_dbl_underflow
    atan.o(i.atan) refers to dadd.o(.text) for __aeabi_dadd
    atan.o(i.atan) refers to dscalb.o(.text) for __ARM_scalbn
    atan.o(i.atan) refers to ddiv.o(.text) for __aeabi_ddiv
    atan.o(i.atan) refers to dmul.o(.text) for __aeabi_dmul
    atan.o(i.atan) refers to poly.o(i.__kernel_poly) for __kernel_poly
    atan.o(i.atan) refers to atan.o(.constdata) for .constdata
    atan.o(.constdata) refers (Special) to iusefp.o(.text) for __I$use$fp
    atan_x.o(i.____softfp_atan$lsc) refers (Special) to iusefp.o(.text) for __I$use$fp
    atan_x.o(i.____softfp_atan$lsc) refers to atan_x.o(i.__atan$lsc) for __atan$lsc
    atan_x.o(i.__atan$lsc) refers (Special) to iusefp.o(.text) for __I$use$fp
    atan_x.o(i.__atan$lsc) refers to dunder.o(i.__mathlib_dbl_infnan) for __mathlib_dbl_infnan
    atan_x.o(i.__atan$lsc) refers to dadd.o(.text) for __aeabi_dadd
    atan_x.o(i.__atan$lsc) refers to dscalb.o(.text) for __ARM_scalbn
    atan_x.o(i.__atan$lsc) refers to ddiv.o(.text) for __aeabi_ddiv
    atan_x.o(i.__atan$lsc) refers to dmul.o(.text) for __aeabi_dmul
    atan_x.o(i.__atan$lsc) refers to poly.o(i.__kernel_poly) for __kernel_poly
    atan_x.o(i.__atan$lsc) refers to atan_x.o(.constdata) for .constdata
    atan_x.o(.constdata) refers (Special) to iusefp.o(.text) for __I$use$fp
    dunder.o(i.__mathlib_dbl_divzero) refers to ddiv.o(.text) for __aeabi_ddiv
    dunder.o(i.__mathlib_dbl_infnan) refers to dscalb.o(.text) for __ARM_scalbn
    dunder.o(i.__mathlib_dbl_infnan2) refers to dadd.o(.text) for __aeabi_dadd
    dunder.o(i.__mathlib_dbl_invalid) refers to ddiv.o(.text) for __aeabi_ddiv
    dunder.o(i.__mathlib_dbl_overflow) refers to dscalb.o(.text) for __ARM_scalbn
    dunder.o(i.__mathlib_dbl_posinfnan) refers to dmul.o(.text) for __aeabi_dmul
    dunder.o(i.__mathlib_dbl_underflow) refers to dscalb.o(.text) for __ARM_scalbn
    fpclassifyf.o(i.__ARM_fpclassifyf) refers (Special) to iusefp.o(.text) for __I$use$fp
    funder.o(i.__mathlib_flt_divzero) refers to fdiv.o(.text) for __aeabi_fdiv
    funder.o(i.__mathlib_flt_infnan) refers to fscalb.o(.text) for __ARM_scalbnf
    funder.o(i.__mathlib_flt_infnan2) refers to fadd.o(.text) for __aeabi_fadd
    funder.o(i.__mathlib_flt_invalid) refers to fdiv.o(.text) for __aeabi_fdiv
    funder.o(i.__mathlib_flt_overflow) refers to fscalb.o(.text) for __ARM_scalbnf
    funder.o(i.__mathlib_flt_posinfnan) refers to fmul.o(.text) for __aeabi_fmul
    funder.o(i.__mathlib_flt_underflow) refers to fscalb.o(.text) for __ARM_scalbnf
    qnan.o(.constdata) refers (Special) to iusefp.o(.text) for __I$use$fp
    entry2.o(.ARM.Collect$$$$00000001) refers to entry2.o(.ARM.Collect$$$$00002712) for __lit__00000000
    entry2.o(.ARM.Collect$$$$00002712) refers to startup_mkl25z4.o(STACK) for __initial_sp
    entry2.o(__vectab_stack_and_reset_area) refers to startup_mkl25z4.o(STACK) for __initial_sp
    entry2.o(__vectab_stack_and_reset_area) refers to entry.o(.ARM.Collect$$$$00000000) for __main
    entry5.o(.ARM.Collect$$$$00000004) refers to init.o(.text) for __scatterload
    entry9a.o(.ARM.Collect$$$$0000000B) refers to main.o(i.main) for main
    entry9b.o(.ARM.Collect$$$$0000000C) refers to main.o(i.main) for main
    uldiv.o(.text) refers to llushr.o(.text) for __aeabi_llsr
    uldiv.o(.text) refers to llshl.o(.text) for __aeabi_llsl
    errno.o(i.__aeabi_errno_addr) refers to errno.o(.data) for .data
    errno.o(i.__read_errno) refers to errno.o(.data) for .data
    errno.o(i.__set_errno) refers to errno.o(.data) for .data
    depilogue.o(.text) refers to depilogue.o(i.__ARM_clz) for __ARM_clz
    depilogue.o(.text) refers to llshl.o(.text) for __aeabi_llsl
    depilogue.o(.text) refers to llushr.o(.text) for __aeabi_llsr
    dadd.o(.text) refers to llshl.o(.text) for __aeabi_llsl
    dadd.o(.text) refers to llsshr.o(.text) for __aeabi_lasr
    dadd.o(.text) refers to depilogue.o(.text) for _double_epilogue
    dmul.o(.text) refers to depilogue.o(.text) for _double_epilogue
    dsqrt.o(.text) refers to llushr.o(.text) for __aeabi_llsr
    dsqrt.o(.text) refers to depilogue.o(.text) for _double_round
    dfixul.o(.text) refers to llushr.o(.text) for __aeabi_llsr
    dfixul.o(.text) refers to llshl.o(.text) for __aeabi_llsl
    fpclassify.o(i.__ARM_fpclassify) refers (Special) to iusefp.o(.text) for __I$use$fp
    poly.o(i.__kernel_poly) refers (Special) to iusefp.o(.text) for __I$use$fp
    poly.o(i.__kernel_poly) refers to dmul.o(.text) for __aeabi_dmul
    poly.o(i.__kernel_poly) refers to dadd.o(.text) for __aeabi_dadd
    init.o(.text) refers to entry5.o(.ARM.Collect$$$$00000004) for __main_after_scatterload

              symbol visibility : __scatterload_copy set to STV_DEFAULT.
              symbol visibility : __scatterload_zeroinit set to STV_DEFAULT.
              symbol visibility : __scatterload_null set to STV_DEFAULT.
              symbol visibility : __scatterload_copy set to STV_HIDDEN.
              symbol visibility : __scatterload_null set to STV_HIDDEN.
              symbol visibility : __scatterload_zeroinit set to STV_HIDDEN.

==============================================================================

Image Symbol Table

    Local Symbols

    Symbol Name                              Value     Ov Type        Size  Object(Section)

    RESET                                    0x00000000   Section      192  startup_mkl25z4.o(RESET)
    ../clib/microlib/division.c              0x00000000   Number         0  uidiv.o ABSOLUTE
    ../clib/microlib/division.c              0x00000000   Number         0  idiv.o ABSOLUTE
    ../clib/microlib/division.c              0x00000000   Number         0  uldiv.o ABSOLUTE
    ../clib/microlib/errno.c                 0x00000000   Number         0  errno.o ABSOLUTE
    ../clib/microlib/init/entry.s            0x00000000   Number         0  entry8a.o ABSOLUTE
    ../clib/microlib/init/entry.s            0x00000000   Number         0  entry2.o ABSOLUTE
    ../clib/microlib/init/entry.s            0x00000000   Number         0  entry.o ABSOLUTE
    ../clib/microlib/init/entry.s            0x00000000   Number         0  entry5.o ABSOLUTE
    ../clib/microlib/init/entry.s            0x00000000   Number         0  entry7a.o ABSOLUTE
    ../clib/microlib/init/entry.s            0x00000000   Number         0  entry10b.o ABSOLUTE
    ../clib/microlib/init/entry.s            0x00000000   Number         0  entry7b.o ABSOLUTE
    ../clib/microlib/init/entry.s            0x00000000   Number         0  entry11a.o ABSOLUTE
    ../clib/microlib/init/entry.s            0x00000000   Number         0  entry11b.o ABSOLUTE
    ../clib/microlib/init/entry.s            0x00000000   Number         0  entry8b.o ABSOLUTE
    ../clib/microlib/init/entry.s            0x00000000   Number         0  entry9a.o ABSOLUTE
    ../clib/microlib/init/entry.s            0x00000000   Number         0  entry9b.o ABSOLUTE
    ../clib/microlib/init/entry.s            0x00000000   Number         0  entry10a.o ABSOLUTE
    ../clib/microlib/longlong.c              0x00000000   Number         0  llushr.o ABSOLUTE
    ../clib/microlib/longlong.c              0x00000000   Number         0  llshl.o ABSOLUTE
    ../clib/microlib/longlong.c              0x00000000   Number         0  llsshr.o ABSOLUTE
    ../clib/microlib/malloc/malloc.c         0x00000000   Number         0  malloc.o ABSOLUTE
    ../clib/microlib/malloc/malloc.c         0x00000000   Number         0  mallocr.o ABSOLUTE
    ../clib/microlib/malloc/malloc.c         0x00000000   Number         0  malloca.o ABSOLUTE
    ../clib/microlib/malloc/malloc.c         0x00000000   Number         0  mallocra.o ABSOLUTE
    ../clib/microlib/malloc/mvars.c          0x00000000   Number         0  mvars.o ABSOLUTE
    ../clib/microlib/printf/printf.c         0x00000000   Number         0  printf6.o ABSOLUTE
    ../clib/microlib/printf/printf.c         0x00000000   Number         0  printf5.o ABSOLUTE
    ../clib/microlib/printf/printf.c         0x00000000   Number         0  printf4.o ABSOLUTE
    ../clib/microlib/printf/printf.c         0x00000000   Number         0  printf3.o ABSOLUTE
    ../clib/microlib/printf/printf.c         0x00000000   Number         0  printf2.o ABSOLUTE
    ../clib/microlib/printf/printf.c         0x00000000   Number         0  printf1.o ABSOLUTE
    ../clib/microlib/printf/printf.c         0x00000000   Number         0  printf0.o ABSOLUTE
    ../clib/microlib/printf/printf.c         0x00000000   Number         0  printfb.o ABSOLUTE
    ../clib/microlib/printf/printf.c         0x00000000   Number         0  printf7.o ABSOLUTE
    ../clib/microlib/printf/printf.c         0x00000000   Number         0  printfa.o ABSOLUTE
    ../clib/microlib/printf/printf.c         0x00000000   Number         0  printf8.o ABSOLUTE
    ../clib/microlib/printf/stubs.s          0x00000000   Number         0  stubs.o ABSOLUTE
    ../clib/microlib/string/memcpy.c         0x00000000   Number         0  memcpya.o ABSOLUTE
    ../clib/microlib/string/memcpy.c         0x00000000   Number         0  memcpyb.o ABSOLUTE
    ../clib/microlib/stubs.s                 0x00000000   Number         0  iusefp.o ABSOLUTE
    ../fplib/microlib/d2f.c                  0x00000000   Number         0  d2f.o ABSOLUTE
    ../fplib/microlib/f2d.c                  0x00000000   Number         0  f2d.o ABSOLUTE
    ../fplib/microlib/fpadd.c                0x00000000   Number         0  dadd.o ABSOLUTE
    ../fplib/microlib/fpadd.c                0x00000000   Number         0  fadd.o ABSOLUTE
    ../fplib/microlib/fpdiv.c                0x00000000   Number         0  ddiv.o ABSOLUTE
    ../fplib/microlib/fpdiv.c                0x00000000   Number         0  fdiv.o ABSOLUTE
    ../fplib/microlib/fpepilogue.c           0x00000000   Number         0  fepilogue.o ABSOLUTE
    ../fplib/microlib/fpepilogue.c           0x00000000   Number         0  depilogue.o ABSOLUTE
    ../fplib/microlib/fpfix.c                0x00000000   Number         0  dfixui.o ABSOLUTE
    ../fplib/microlib/fpfix.c                0x00000000   Number         0  dfixul.o ABSOLUTE
    ../fplib/microlib/fpflt.c                0x00000000   Number         0  dfltui.o ABSOLUTE
    ../fplib/microlib/fpflt.c                0x00000000   Number         0  fflti.o ABSOLUTE
    ../fplib/microlib/fpmul.c                0x00000000   Number         0  dmul.o ABSOLUTE
    ../fplib/microlib/fpmul.c                0x00000000   Number         0  fmul.o ABSOLUTE
    ../fplib/microlib/fpscalb.c              0x00000000   Number         0  fscalb.o ABSOLUTE
    ../fplib/microlib/fpscalb.c              0x00000000   Number         0  dscalb.o ABSOLUTE
    ../fplib/microlib/fpsqrt.c               0x00000000   Number         0  dsqrt.o ABSOLUTE
    ../mathlib/atan.c                        0x00000000   Number         0  atan.o ABSOLUTE
    ../mathlib/atan.c                        0x00000000   Number         0  atan_x.o ABSOLUTE
    ../mathlib/atan2.c                       0x00000000   Number         0  atan2.o ABSOLUTE
    ../mathlib/atan2.c                       0x00000000   Number         0  atan2_x.o ABSOLUTE
    ../mathlib/atan2f.c                      0x00000000   Number         0  atan2f_x.o ABSOLUTE
    ../mathlib/atan2f.c                      0x00000000   Number         0  atan2f.o ABSOLUTE
    ../mathlib/dunder.c                      0x00000000   Number         0  dunder.o ABSOLUTE
    ../mathlib/fpclassify.c                  0x00000000   Number         0  fpclassify.o ABSOLUTE
    ../mathlib/fpclassifyf.c                 0x00000000   Number         0  fpclassifyf.o ABSOLUTE
    ../mathlib/funder.c                      0x00000000   Number         0  funder.o ABSOLUTE
    ../mathlib/poly.c                        0x00000000   Number         0  poly.o ABSOLUTE
    ../mathlib/qnan.c                        0x00000000   Number         0  qnan.o ABSOLUTE
    ../mathlib/sqrt.c                        0x00000000   Number         0  sqrt.o ABSOLUTE
    ../mathlib/sqrt.c                        0x00000000   Number         0  sqrt_x.o ABSOLUTE
    RTE\Device\MKL25Z128xxx4\startup_MKL25Z4.s 0x00000000   Number         0  startup_mkl25z4.o ABSOLUTE
    RTE\Device\MKL25Z128xxx4\system_MKL25Z4.c 0x00000000   Number         0  system_mkl25z4.o ABSOLUTE
    RTE\\Device\\MKL25Z128xxx4\\system_MKL25Z4.c 0x00000000   Number         0  system_mkl25z4.o ABSOLUTE
    Source\FS\diskio.c                       0x00000000   Number         0  diskio.o ABSOLUTE
    Source\FS\pff.c                          0x00000000   Number         0  pff.o ABSOLUTE
    Source\I2C.c                             0x00000000   Number         0  i2c.o ABSOLUTE
    Source\LCD\LCD_JPEG.c                    0x00000000   Number         0  lcd_jpeg.o ABSOLUTE
    Source\LCD\LCD_graphics.c                0x00000000   Number         0  lcd_graphics.o ABSOLUTE
    Source\LCD\LCD_text.c                    0x00000000   Number         0  lcd_text.o ABSOLUTE
    Source\LCD\ST7789.c                      0x00000000   Number         0  st7789.o ABSOLUTE
    Source\LCD\colors.c                      0x00000000   Number         0  colors.o ABSOLUTE
    Source\LCD\lucida_12x19.c                0x00000000   Number         0  lucida_12x19.o ABSOLUTE
    Source\LCD\lucida_8x13.c                 0x00000000   Number         0  lucida_8x13.o ABSOLUTE
    Source\LCD\picojpeg.c                    0x00000000   Number         0  picojpeg.o ABSOLUTE
    Source\LCD\touchscreen.c                 0x00000000   Number         0  touchscreen.o ABSOLUTE
    Source\LEDs.c                            0x00000000   Number         0  leds.o ABSOLUTE
    Source\MMA8451.c                         0x00000000   Number         0  mma8451.o ABSOLUTE
    Source\Profiler\PIT.c                    0x00000000   Number         0  pit.o ABSOLUTE
    Source\Profiler\profile.c                0x00000000   Number         0  profile.o ABSOLUTE
    Source\Profiler\region.c                 0x00000000   Number         0  region.o ABSOLUTE
    Source\UART.c                            0x00000000   Number         0  uart.o ABSOLUTE
    Source\\FS\\pff.c                        0x00000000   Number         0  pff.o ABSOLUTE
    Source\\I2C.c                            0x00000000   Number         0  i2c.o ABSOLUTE
    Source\\LCD\\LCD_JPEG.c                  0x00000000   Number         0  lcd_jpeg.o ABSOLUTE
    Source\\LCD\\ST7789.c                    0x00000000   Number         0  st7789.o ABSOLUTE
    Source\\LCD\\touchscreen.c               0x00000000   Number         0  touchscreen.o ABSOLUTE
    Source\\LEDs.c                           0x00000000   Number         0  leds.o ABSOLUTE
    Source\\MMA8451.c                        0x00000000   Number         0  mma8451.o ABSOLUTE
    Source\\Profiler\\PIT.c                  0x00000000   Number         0  pit.o ABSOLUTE
    Source\\Profiler\\profile.c              0x00000000   Number         0  profile.o ABSOLUTE
    Source\\UART.c                           0x00000000   Number         0  uart.o ABSOLUTE
    Source\\debug.c                          0x00000000   Number         0  debug.o ABSOLUTE
    Source\\delay.c                          0x00000000   Number         0  delay.o ABSOLUTE
    Source\\main.c                           0x00000000   Number         0  main.o ABSOLUTE
    Source\\queue.c                          0x00000000   Number         0  queue.o ABSOLUTE
    Source\\timers.c                         0x00000000   Number         0  timers.o ABSOLUTE
    Source\\ulibSD\\sd_io.c                  0x00000000   Number         0  sd_io.o ABSOLUTE
    Source\\ulibSD\\spi_io.c                 0x00000000   Number         0  spi_io.o ABSOLUTE
    Source\debug.c                           0x00000000   Number         0  debug.o ABSOLUTE
    Source\delay.c                           0x00000000   Number         0  delay.o ABSOLUTE
    Source\main.c                            0x00000000   Number         0  main.o ABSOLUTE
    Source\queue.c                           0x00000000   Number         0  queue.o ABSOLUTE
    Source\timers.c                          0x00000000   Number         0  timers.o ABSOLUTE
    Source\ulibSD\sd_io.c                    0x00000000   Number         0  sd_io.o ABSOLUTE
    Source\ulibSD\spi_io.c                   0x00000000   Number         0  spi_io.o ABSOLUTE
    cdcmple.s                                0x00000000   Number         0  cdcmple.o ABSOLUTE
    cdrcmple.s                               0x00000000   Number         0  cdrcmple.o ABSOLUTE
    dc.s                                     0x00000000   Number         0  dc.o ABSOLUTE
    handlers.s                               0x00000000   Number         0  handlers.o ABSOLUTE
    init.s                                   0x00000000   Number         0  init.o ABSOLUTE
    .ARM.Collect$$$$00000000                 0x000000c0   Section        0  entry.o(.ARM.Collect$$$$00000000)
    .ARM.Collect$$$$00000001                 0x000000c0   Section        4  entry2.o(.ARM.Collect$$$$00000001)
    .ARM.Collect$$$$00000004                 0x000000c4   Section        4  entry5.o(.ARM.Collect$$$$00000004)
    .ARM.Collect$$$$00000008                 0x000000c8   Section        0  entry7b.o(.ARM.Collect$$$$00000008)
    .ARM.Collect$$$$0000000A                 0x000000c8   Section        0  entry8b.o(.ARM.Collect$$$$0000000A)
    .ARM.Collect$$$$0000000B                 0x000000c8   Section        8  entry9a.o(.ARM.Collect$$$$0000000B)
    .ARM.Collect$$$$0000000D                 0x000000d0   Section        0  entry10a.o(.ARM.Collect$$$$0000000D)
    .ARM.Collect$$$$0000000F                 0x000000d0   Section        0  entry11a.o(.ARM.Collect$$$$0000000F)
    .ARM.Collect$$$$00002712                 0x000000d0   Section        4  entry2.o(.ARM.Collect$$$$00002712)
    __lit__00000000                          0x000000d0   Data           4  entry2.o(.ARM.Collect$$$$00002712)
    .text                                    0x000000d4   Section       40  startup_mkl25z4.o(.text)
    .text                                    0x000000fc   Section        0  uidiv.o(.text)
    .text                                    0x00000128   Section       36  init.o(.text)
    i.Control_RGB_LEDs                       0x0000014c   Section        0  leds.o(i.Control_RGB_LEDs)
    i.Delay                                  0x00000188   Section        0  delay.o(i.Delay)
    i.Disable_Profiling                      0x000001a0   Section        0  profile.o(i.Disable_Profiling)
    i.Display_Profile                        0x000001ac   Section        0  profile.o(i.Display_Profile)
    i.Enable_Profiling                       0x000002c0   Section        0  profile.o(i.Enable_Profiling)
    i.Init_Debug_Signals                     0x000002cc   Section        0  debug.o(i.Init_Debug_Signals)
    i.Init_Profiling                         0x00000350   Section        0  profile.o(i.Init_Profiling)
    i.LCD_Erase                              0x000003b0   Section        0  lcd_text.o(i.LCD_Erase)
    i.LCD_TS_Blocking_Read                   0x000003c0   Section        0  touchscreen.o(i.LCD_TS_Blocking_Read)
    i.PIT_Start                              0x000003f0   Section        0  pit.o(i.PIT_Start)
    .ARM.__at_0x400                          0x00000400   Section       16  startup_mkl25z4.o(.ARM.__at_0x400)
    i.Init_RGB_LEDs                          0x00000410   Section        0  leds.o(i.Init_RGB_LEDs)
    i.LCD_Controller_Init                    0x00000478   Section        0  st7789.o(i.LCD_Controller_Init)
    i.LCD_Fill_Buffer                        0x000004ec   Section        0  st7789.o(i.LCD_Fill_Buffer)
    i.LCD_GPIO_Init                          0x000005c0   Section        0  st7789.o(i.LCD_GPIO_Init)
    i.LCD_Init                               0x000006f4   Section        0  st7789.o(i.LCD_Init)
    i.LCD_JPEG                               0x0000075c   Section        0  lcd_jpeg.o(i.LCD_JPEG)
    i.LCD_Plot_Pixel                         0x0000084c   Section        0  st7789.o(i.LCD_Plot_Pixel)
    i.LCD_Start_Rectangle                    0x0000091c   Section        0  st7789.o(i.LCD_Start_Rectangle)
    i.LCD_TS_Init                            0x00000a20   Section        0  touchscreen.o(i.LCD_TS_Init)
    i.LCD_TS_Read                            0x00000a40   Section        0  touchscreen.o(i.LCD_TS_Read)
    i.LCD_Text_Init                          0x00000bdc   Section        0  lcd_text.o(i.LCD_Text_Init)
    i.LCD_Text_PrintChar                     0x00000c18   Section        0  lcd_text.o(i.LCD_Text_PrintChar)
    i.LCD_Text_PrintStr                      0x00000dc0   Section        0  lcd_text.o(i.LCD_Text_PrintStr)
    i.LCD_Text_PrintStr_RC                   0x00000e0c   Section        0  lcd_text.o(i.LCD_Text_PrintStr_RC)
    i.LCD_Text_Set_Colors                    0x00000e64   Section        0  lcd_text.o(i.LCD_Text_Set_Colors)
    i.LCD_Write_Rectangle_N_Quad_Pixel_Components 0x00000e8c   Section        0  st7789.o(i.LCD_Write_Rectangle_N_Quad_Pixel_Components)
    i.LCD_Write_Rectangle_Pixel              0x00000f0c   Section        0  st7789.o(i.LCD_Write_Rectangle_Pixel)
    i.PIT_IRQHandler                         0x00000f54   Section        0  pit.o(i.PIT_IRQHandler)
    i.PIT_Init                               0x00000f8c   Section        0  pit.o(i.PIT_Init)
    i.PWM_Init                               0x00000ff0   Section        0  timers.o(i.PWM_Init)
    i.Process_Profile_Sample                 0x0000105c   Section        0  profile.o(i.Process_Profile_Sample)
    i.Q_Dequeue                              0x000010cc   Section        0  queue.o(i.Q_Dequeue)
    i.Q_Empty                                0x00001108   Section        0  queue.o(i.Q_Empty)
    i.Q_Enqueue                              0x00001116   Section        0  queue.o(i.Q_Enqueue)
    i.Q_Full                                 0x0000114c   Section        0  queue.o(i.Q_Full)
    i.SD_Init                                0x0000115c   Section        0  sd_io.o(i.SD_Init)
    i.SD_Read                                0x00001350   Section        0  sd_io.o(i.SD_Read)
    i.SPI_CS_High                            0x00001418   Section        0  spi_io.o(i.SPI_CS_High)
    i.SPI_CS_Low                             0x00001428   Section        0  spi_io.o(i.SPI_CS_Low)
    i.SPI_Freq_High                          0x00001438   Section        0  spi_io.o(i.SPI_Freq_High)
    i.SPI_Init                               0x00001444   Section        0  spi_io.o(i.SPI_Init)
    i.SPI_RW                                 0x00001498   Section        0  spi_io.o(i.SPI_RW)
    i.SPI_Release                            0x000014d4   Section        0  spi_io.o(i.SPI_Release)
    i.SPI_Timer_Off                          0x00001524   Section        0  spi_io.o(i.SPI_Timer_Off)
    i.SPI_Timer_On                           0x00001530   Section        0  spi_io.o(i.SPI_Timer_On)
    i.SPI_Timer_Status                       0x00001554   Section        0  spi_io.o(i.SPI_Timer_Status)
    i.Sort_Profile_Regions                   0x00001564   Section        0  profile.o(i.Sort_Profile_Regions)
    i.SystemInit                             0x0000160c   Section        0  system_mkl25z4.o(i.SystemInit)
    i.TPM0_IRQHandler                        0x000016f4   Section        0  timers.o(i.TPM0_IRQHandler)
    i.UART0_IRQHandler                       0x00001704   Section        0  uart.o(i.UART0_IRQHandler)
    i.__0snprintf$6                          0x00001768   Section        0  printf6.o(i.__0snprintf$6)
    i.__0sprintf$6                           0x0000179c   Section        0  printf6.o(i.__0sprintf$6)
    i.__SD_Sectors                           0x000017c4   Section        0  sd_io.o(i.__SD_Sectors)
    i.__SD_Send_Cmd                          0x00001894   Section        0  sd_io.o(i.__SD_Send_Cmd)
    i.__scatterload_copy                     0x00001934   Section       14  handlers.o(i.__scatterload_copy)
    i.__scatterload_null                     0x00001942   Section        2  handlers.o(i.__scatterload_null)
    i.__scatterload_zeroinit                 0x00001944   Section       14  handlers.o(i.__scatterload_zeroinit)
    i._printf_core                           0x00001954   Section        0  printf6.o(i._printf_core)
    _printf_core                             0x00001955   Thumb Code   768  printf6.o(i._printf_core)
    i._printf_post_padding                   0x00001c58   Section        0  printf6.o(i._printf_post_padding)
    _printf_post_padding                     0x00001c59   Thumb Code    32  printf6.o(i._printf_post_padding)
    i._printf_pre_padding                    0x00001c78   Section        0  printf6.o(i._printf_pre_padding)
    _printf_pre_padding                      0x00001c79   Thumb Code    44  printf6.o(i._printf_pre_padding)
    i._snputc                                0x00001ca4   Section        0  printf6.o(i._snputc)
    _snputc                                  0x00001ca5   Thumb Code    22  printf6.o(i._snputc)
    i._sputc                                 0x00001cba   Section        0  printf6.o(i._sputc)
    _sputc                                   0x00001cbb   Thumb Code    10  printf6.o(i._sputc)
    i.convertCb                              0x00001cc4   Section        0  picojpeg.o(i.convertCb)
    convertCb                                0x00001cc5   Thumb Code   112  picojpeg.o(i.convertCb)
    __tagsym$$noinline                       0x00001cc5   Number         0  picojpeg.o(i.convertCb)
    i.convertCr                              0x00001d40   Section        0  picojpeg.o(i.convertCr)
    convertCr                                0x00001d41   Thumb Code   112  picojpeg.o(i.convertCr)
    __tagsym$$noinline                       0x00001d41   Number         0  picojpeg.o(i.convertCr)
    i.copyY                                  0x00001dbc   Section        0  picojpeg.o(i.copyY)
    copyY                                    0x00001dbd   Thumb Code    42  picojpeg.o(i.copyY)
    i.decodeNextMCU                          0x00001df8   Section        0  picojpeg.o(i.decodeNextMCU)
    decodeNextMCU                            0x00001df9   Thumb Code   648  picojpeg.o(i.decodeNextMCU)
    __tagsym$$noinline                       0x00001df9   Number         0  picojpeg.o(i.decodeNextMCU)
    i.dir_next                               0x000020c8   Section        0  pff.o(i.dir_next)
    dir_next                                 0x000020c9   Thumb Code   182  pff.o(i.dir_next)
    i.disk_initialize                        0x00002184   Section        0  diskio.o(i.disk_initialize)
    i.disk_readp                             0x00002198   Section        0  diskio.o(i.disk_readp)
    i.follow_path                            0x00002244   Section        0  pff.o(i.follow_path)
    follow_path                              0x00002245   Thumb Code   588  pff.o(i.follow_path)
    i.free                                   0x00002498   Section        0  malloc.o(i.free)
    i.getBits                                0x000024ec   Section        0  picojpeg.o(i.getBits)
    getBits                                  0x000024ed   Thumb Code   120  picojpeg.o(i.getBits)
    __tagsym$$noinline                       0x000024ed   Number         0  picojpeg.o(i.getBits)
    i.getBits1                               0x00002568   Section        0  picojpeg.o(i.getBits1)
    getBits1                                 0x00002569   Thumb Code    10  picojpeg.o(i.getBits1)
    __tagsym$$noinline                       0x00002569   Number         0  picojpeg.o(i.getBits1)
    i.getBits2                               0x00002572   Section        0  picojpeg.o(i.getBits2)
    getBits2                                 0x00002573   Thumb Code    10  picojpeg.o(i.getBits2)
    __tagsym$$noinline                       0x00002573   Number         0  picojpeg.o(i.getBits2)
    i.getChar                                0x0000257c   Section        0  picojpeg.o(i.getChar)
    getChar                                  0x0000257d   Thumb Code    80  picojpeg.o(i.getChar)
    i.getOctet                               0x000025d8   Section        0  picojpeg.o(i.getOctet)
    getOctet                                 0x000025d9   Thumb Code    58  picojpeg.o(i.getOctet)
    i.huffDecode                             0x0000261c   Section        0  picojpeg.o(i.huffDecode)
    huffDecode                               0x0000261d   Thumb Code   174  picojpeg.o(i.huffDecode)
    __tagsym$$noinline                       0x0000261d   Number         0  picojpeg.o(i.huffDecode)
    i.huffExtend                             0x000026d4   Section        0  picojpeg.o(i.huffExtend)
    huffExtend                               0x000026d5   Thumb Code   200  picojpeg.o(i.huffExtend)
    __tagsym$$noinline                       0x000026d5   Number         0  picojpeg.o(i.huffExtend)
    i.idctCols                               0x000027b8   Section        0  picojpeg.o(i.idctCols)
    idctCols                                 0x000027b9   Thumb Code   594  picojpeg.o(i.idctCols)
    __tagsym$$noinline                       0x000027b9   Number         0  picojpeg.o(i.idctCols)
    i.idctRows                               0x00002a14   Section        0  picojpeg.o(i.idctRows)
    idctRows                                 0x00002a15   Thumb Code   262  picojpeg.o(i.idctRows)
    __tagsym$$noinline                       0x00002a15   Number         0  picojpeg.o(i.idctRows)
    i.main                                   0x00002b24   Section        0  main.o(i.main)
    i.malloc                                 0x00002c34   Section        0  malloc.o(i.malloc)
    i.pf_mount                               0x00002ca0   Section        0  pff.o(i.pf_mount)
    i.pf_open                                0x00002e64   Section        0  pff.o(i.pf_open)
    i.pf_opendir                             0x00002ef0   Section        0  pff.o(i.pf_opendir)
    i.pf_read                                0x00002f88   Section        0  pff.o(i.pf_read)
    i.pf_readdir                             0x000030b4   Section        0  pff.o(i.pf_readdir)
    i.pjpeg_decode_init                      0x000032b0   Section        0  picojpeg.o(i.pjpeg_decode_init)
    i.pjpeg_decode_mcu                       0x00003768   Section        0  picojpeg.o(i.pjpeg_decode_mcu)
    i.pjpeg_load_from_file                   0x000037a0   Section        0  lcd_jpeg.o(i.pjpeg_load_from_file)
    i.pjpeg_need_bytes_callback              0x00003a8c   Section        0  lcd_jpeg.o(i.pjpeg_need_bytes_callback)
    i.processMarkers                         0x00003ab8   Section        0  picojpeg.o(i.processMarkers)
    processMarkers                           0x00003ab9   Thumb Code   734  picojpeg.o(i.processMarkers)
    i.transformBlock                         0x00003dcc   Section        0  picojpeg.o(i.transformBlock)
    transformBlock                           0x00003dcd   Thumb Code   278  picojpeg.o(i.transformBlock)
    __tagsym$$noinline                       0x00003dcd   Number         0  picojpeg.o(i.transformBlock)
    i.transformBlockReduce                   0x00003ee8   Section        0  picojpeg.o(i.transformBlockReduce)
    transformBlockReduce                     0x00003ee9   Thumb Code  1580  picojpeg.o(i.transformBlockReduce)
    __tagsym$$noinline                       0x00003ee9   Number         0  picojpeg.o(i.transformBlockReduce)
    i.upsampleCb                             0x0000451c   Section        0  picojpeg.o(i.upsampleCb)
    upsampleCb                               0x0000451d   Thumb Code   322  picojpeg.o(i.upsampleCb)
    __tagsym$$noinline                       0x0000451d   Number         0  picojpeg.o(i.upsampleCb)
    i.upsampleCbH                            0x0000466c   Section        0  picojpeg.o(i.upsampleCbH)
    upsampleCbH                              0x0000466d   Thumb Code   194  picojpeg.o(i.upsampleCbH)
    i.upsampleCbV                            0x0000473c   Section        0  picojpeg.o(i.upsampleCbV)
    upsampleCbV                              0x0000473d   Thumb Code   196  picojpeg.o(i.upsampleCbV)
    i.upsampleCr                             0x0000480c   Section        0  picojpeg.o(i.upsampleCr)
    upsampleCr                               0x0000480d   Thumb Code   322  picojpeg.o(i.upsampleCr)
    __tagsym$$noinline                       0x0000480d   Number         0  picojpeg.o(i.upsampleCr)
    i.upsampleCrH                            0x0000495c   Section        0  picojpeg.o(i.upsampleCrH)
    upsampleCrH                              0x0000495d   Thumb Code   194  picojpeg.o(i.upsampleCrH)
    i.upsampleCrV                            0x00004a2c   Section        0  picojpeg.o(i.upsampleCrV)
    upsampleCrV                              0x00004a2d   Thumb Code   196  picojpeg.o(i.upsampleCrV)
    .constdata                               0x00004afc   Section     3904  region.o(.constdata)
    .constdata                               0x00005a3c   Section        4  region.o(.constdata)
    .constdata                               0x00005a40   Section     3831  lucida_12x19.o(.constdata)
    .constdata                               0x00006937   Section      142  st7789.o(.constdata)
    .constdata                               0x000069c5   Section      128  picojpeg.o(.constdata)
    ZAG                                      0x000069c5   Data          64  picojpeg.o(.constdata)
    .constdata                               0x00006a45   Section      128  pff.o(.constdata)
    cvt                                      0x00006a45   Data         128  pff.o(.constdata)
    .data                                    0x1ffff000   Section       20  profile.o(.data)
    .data                                    0x1ffff014   Section        4  lcd_jpeg.o(.data)
    g_nInFileOfs                             0x1ffff014   Data           4  lcd_jpeg.o(.data)
    .data                                    0x1ffff018   Section       20  lcd_text.o(.data)
    .data                                    0x1ffff02c   Section        4  st7789.o(.data)
    .data                                    0x1ffff030   Section       40  touchscreen.o(.data)
    xl                                       0x1ffff032   Data           2  touchscreen.o(.data)
    yu                                       0x1ffff034   Data           2  touchscreen.o(.data)
    .data                                    0x1ffff058   Section       76  picojpeg.o(.data)
    gValidHuffTables                         0x1ffff058   Data           1  picojpeg.o(.data)
    gValidQuantTables                        0x1ffff059   Data           1  picojpeg.o(.data)
    gTemFlag                                 0x1ffff05a   Data           1  picojpeg.o(.data)
    gInBufOfs                                0x1ffff05b   Data           1  picojpeg.o(.data)
    gInBufLeft                               0x1ffff05c   Data           1  picojpeg.o(.data)
    gBitsLeft                                0x1ffff05d   Data           1  picojpeg.o(.data)
    gCompsInFrame                            0x1ffff05e   Data           1  picojpeg.o(.data)
    gCompsInScan                             0x1ffff05f   Data           1  picojpeg.o(.data)
    gScanType                                0x1ffff060   Data           1  picojpeg.o(.data)
    gMaxBlocksPerMCU                         0x1ffff061   Data           1  picojpeg.o(.data)
    gMaxMCUXSize                             0x1ffff062   Data           1  picojpeg.o(.data)
    gMaxMCUYSize                             0x1ffff063   Data           1  picojpeg.o(.data)
    gCallbackStatus                          0x1ffff064   Data           1  picojpeg.o(.data)
    gReduce                                  0x1ffff065   Data           1  picojpeg.o(.data)
    gBitBuf                                  0x1ffff066   Data           2  picojpeg.o(.data)
    gImageXSize                              0x1ffff068   Data           2  picojpeg.o(.data)
    gImageYSize                              0x1ffff06a   Data           2  picojpeg.o(.data)
    gRestartInterval                         0x1ffff06c   Data           2  picojpeg.o(.data)
    gNextRestartNum                          0x1ffff06e   Data           2  picojpeg.o(.data)
    gRestartsLeft                            0x1ffff070   Data           2  picojpeg.o(.data)
    gMaxMCUSPerRow                           0x1ffff072   Data           2  picojpeg.o(.data)
    gMaxMCUSPerCol                           0x1ffff074   Data           2  picojpeg.o(.data)
    gNumMCUSRemaining                        0x1ffff076   Data           2  picojpeg.o(.data)
    gCompIdent                               0x1ffff078   Data           3  picojpeg.o(.data)
    gCompHSamp                               0x1ffff07b   Data           3  picojpeg.o(.data)
    gCompVSamp                               0x1ffff07e   Data           3  picojpeg.o(.data)
    gCompQuant                               0x1ffff081   Data           3  picojpeg.o(.data)
    gCompList                                0x1ffff084   Data           3  picojpeg.o(.data)
    gCompDCTab                               0x1ffff087   Data           3  picojpeg.o(.data)
    gCompACTab                               0x1ffff08a   Data           3  picojpeg.o(.data)
    g_pNeedBytesCallback                     0x1ffff090   Data           4  picojpeg.o(.data)
    g_pCallback_data                         0x1ffff094   Data           4  picojpeg.o(.data)
    gLastDC                                  0x1ffff098   Data           6  picojpeg.o(.data)
    gMCUOrg                                  0x1ffff09e   Data           6  picojpeg.o(.data)
    .data                                    0x1ffff0a4   Section        3  colors.o(.data)
    .data                                    0x1ffff0a7   Section        3  colors.o(.data)
    .data                                    0x1ffff0aa   Section        3  colors.o(.data)
    .data                                    0x1ffff0ad   Section        3  colors.o(.data)
    .data                                    0x1ffff0b0   Section        8  diskio.o(.data)
    prev_sector                              0x1ffff0b4   Data           4  diskio.o(.data)
    .data                                    0x1ffff0b8   Section        4  pff.o(.data)
    FatFs                                    0x1ffff0b8   Data           4  pff.o(.data)
    .data                                    0x1ffff0bc   Section        4  system_mkl25z4.o(.data)
    .data                                    0x1ffff0c0   Section        4  mvars.o(.data)
    .data                                    0x1ffff0c4   Section        4  mvars.o(.data)
    .bss                                     0x1ffff0c8   Section      536  uart.o(.bss)
    .bss                                     0x1ffff2e0   Section      488  region.o(.bss)
    .bss                                     0x1ffff4c8   Section      488  region.o(.bss)
    .bss                                     0x1ffff6b0   Section     2272  picojpeg.o(.bss)
    gCoeffBuf                                0x1ffff6b0   Data         128  picojpeg.o(.bss)
    gMCUBufR                                 0x1ffff730   Data         256  picojpeg.o(.bss)
    gMCUBufG                                 0x1ffff830   Data         256  picojpeg.o(.bss)
    gMCUBufB                                 0x1ffff930   Data         256  picojpeg.o(.bss)
    gQuant0                                  0x1ffffa30   Data         128  picojpeg.o(.bss)
    gQuant1                                  0x1ffffab0   Data         128  picojpeg.o(.bss)
    gHuffTab0                                0x1ffffb30   Data          80  picojpeg.o(.bss)
    gHuffVal0                                0x1ffffb80   Data          16  picojpeg.o(.bss)
    gHuffTab1                                0x1ffffb90   Data          80  picojpeg.o(.bss)
    gHuffVal1                                0x1ffffbe0   Data          16  picojpeg.o(.bss)
    gHuffTab2                                0x1ffffbf0   Data          80  picojpeg.o(.bss)
    gHuffVal2                                0x1ffffc40   Data         256  picojpeg.o(.bss)
    gHuffTab3                                0x1ffffd40   Data          80  picojpeg.o(.bss)
    gHuffVal3                                0x1ffffd90   Data         256  picojpeg.o(.bss)
    gInBuf                                   0x1ffffe90   Data         256  picojpeg.o(.bss)
    .bss                                     0x1fffff90   Section      524  diskio.o(.bss)
    buffy                                    0x1fffff90   Data         512  diskio.o(.bss)
    HEAP                                     0x200001a0   Section     2048  startup_mkl25z4.o(HEAP)
    STACK                                    0x200009a0   Section     1024  startup_mkl25z4.o(STACK)

    Global Symbols

    Symbol Name                              Value     Ov Type        Size  Object(Section)

    BuildAttributes$$THM_ISAv3M$S$PE$A:L22$X:L11$S22$IEEE1$IW$USESV6$~STKCKD$USESV7$~SHL$OTIME$ROPI$IEEEX$EBA8$MICROLIB$REQ8$PRES8$EABIv2 0x00000000   Number         0  anon$$obj.o ABSOLUTE
    __ARM_use_no_argv                        0x00000000   Number         0  main.o ABSOLUTE
    __Vectors                                0x00000000   Data           4  startup_mkl25z4.o(RESET)
    _printf_a                                0x00000000   Number         0  stubs.o ABSOLUTE
    _printf_c                                0x00000000   Number         0  stubs.o ABSOLUTE
    _printf_charcount                        0x00000000   Number         0  stubs.o ABSOLUTE
    _printf_d                                0x00000000   Number         0  stubs.o ABSOLUTE
    _printf_e                                0x00000000   Number         0  stubs.o ABSOLUTE
    _printf_f                                0x00000000   Number         0  stubs.o ABSOLUTE
    _printf_flags                            0x00000000   Number         0  stubs.o ABSOLUTE
    _printf_fp_dec                           0x00000000   Number         0  stubs.o ABSOLUTE
    _printf_fp_hex                           0x00000000   Number         0  stubs.o ABSOLUTE
    _printf_g                                0x00000000   Number         0  stubs.o ABSOLUTE
    _printf_i                                0x00000000   Number         0  stubs.o ABSOLUTE
    _printf_int_dec                          0x00000000   Number         0  stubs.o ABSOLUTE
    _printf_l                                0x00000000   Number         0  stubs.o ABSOLUTE
    _printf_lc                               0x00000000   Number         0  stubs.o ABSOLUTE
    _printf_ll                               0x00000000   Number         0  stubs.o ABSOLUTE
    _printf_lld                              0x00000000   Number         0  stubs.o ABSOLUTE
    _printf_lli                              0x00000000   Number         0  stubs.o ABSOLUTE
    _printf_llo                              0x00000000   Number         0  stubs.o ABSOLUTE
    _printf_llu                              0x00000000   Number         0  stubs.o ABSOLUTE
    _printf_llx                              0x00000000   Number         0  stubs.o ABSOLUTE
    _printf_longlong_dec                     0x00000000   Number         0  stubs.o ABSOLUTE
    _printf_longlong_hex                     0x00000000   Number         0  stubs.o ABSOLUTE
    _printf_longlong_oct                     0x00000000   Number         0  stubs.o ABSOLUTE
    _printf_ls                               0x00000000   Number         0  stubs.o ABSOLUTE
    _printf_mbtowc                           0x00000000   Number         0  stubs.o ABSOLUTE
    _printf_n                                0x00000000   Number         0  stubs.o ABSOLUTE
    _printf_o                                0x00000000   Number         0  stubs.o ABSOLUTE
    _printf_p                                0x00000000   Number         0  stubs.o ABSOLUTE
    _printf_percent                          0x00000000   Number         0  stubs.o ABSOLUTE
    _printf_pre_padding                      0x00000000   Number         0  stubs.o ABSOLUTE
    _printf_return_value                     0x00000000   Number         0  stubs.o ABSOLUTE
    _printf_s                                0x00000000   Number         0  stubs.o ABSOLUTE
    _printf_sizespec                         0x00000000   Number         0  stubs.o ABSOLUTE
    _printf_str                              0x00000000   Number         0  stubs.o ABSOLUTE
    _printf_truncate_signed                  0x00000000   Number         0  stubs.o ABSOLUTE
    _printf_truncate_unsigned                0x00000000   Number         0  stubs.o ABSOLUTE
    _printf_u                                0x00000000   Number         0  stubs.o ABSOLUTE
    _printf_wc                               0x00000000   Number         0  stubs.o ABSOLUTE
    _printf_wctomb                           0x00000000   Number         0  stubs.o ABSOLUTE
    _printf_widthprec                        0x00000000   Number         0  stubs.o ABSOLUTE
    _printf_x                                0x00000000   Number         0  stubs.o ABSOLUTE
    __cpp_initialize__aeabi_                  - Undefined Weak Reference
    __cxa_finalize                            - Undefined Weak Reference
    __decompress                              - Undefined Weak Reference
    _clock_init                               - Undefined Weak Reference
    _microlib_exit                            - Undefined Weak Reference
    __Vectors_End                            0x000000c0   Data           0  startup_mkl25z4.o(RESET)
    __Vectors_Size                           0x000000c0   Number         0  startup_mkl25z4.o ABSOLUTE
    __main                                   0x000000c1   Thumb Code     0  entry.o(.ARM.Collect$$$$00000000)
    _main_stk                                0x000000c1   Thumb Code     0  entry2.o(.ARM.Collect$$$$00000001)
    _main_scatterload                        0x000000c5   Thumb Code     0  entry5.o(.ARM.Collect$$$$00000004)
    __main_after_scatterload                 0x000000c9   Thumb Code     0  entry5.o(.ARM.Collect$$$$00000004)
    _main_clock                              0x000000c9   Thumb Code     0  entry7b.o(.ARM.Collect$$$$00000008)
    _main_cpp_init                           0x000000c9   Thumb Code     0  entry8b.o(.ARM.Collect$$$$0000000A)
    _main_init                               0x000000c9   Thumb Code     0  entry9a.o(.ARM.Collect$$$$0000000B)
    __rt_final_cpp                           0x000000d1   Thumb Code     0  entry10a.o(.ARM.Collect$$$$0000000D)
    __rt_final_exit                          0x000000d1   Thumb Code     0  entry11a.o(.ARM.Collect$$$$0000000F)
    Reset_Handler                            0x000000d5   Thumb Code    12  startup_mkl25z4.o(.text)
    NMI_Handler                              0x000000e1   Thumb Code     2  startup_mkl25z4.o(.text)
    HardFault_Handler                        0x000000e3   Thumb Code     2  startup_mkl25z4.o(.text)
    SVC_Handler                              0x000000e5   Thumb Code     2  startup_mkl25z4.o(.text)
    PendSV_Handler                           0x000000e7   Thumb Code     2  startup_mkl25z4.o(.text)
    SysTick_Handler                          0x000000e9   Thumb Code     2  startup_mkl25z4.o(.text)
    ADC0_IRQHandler                          0x000000eb   Thumb Code     0  startup_mkl25z4.o(.text)
    CMP0_IRQHandler                          0x000000eb   Thumb Code     0  startup_mkl25z4.o(.text)
    DAC0_IRQHandler                          0x000000eb   Thumb Code     0  startup_mkl25z4.o(.text)
    DMA0_IRQHandler                          0x000000eb   Thumb Code     0  startup_mkl25z4.o(.text)
    DMA1_IRQHandler                          0x000000eb   Thumb Code     0  startup_mkl25z4.o(.text)
    DMA2_IRQHandler                          0x000000eb   Thumb Code     0  startup_mkl25z4.o(.text)
    DMA3_IRQHandler                          0x000000eb   Thumb Code     0  startup_mkl25z4.o(.text)
    DefaultISR                               0x000000eb   Thumb Code     0  startup_mkl25z4.o(.text)
    FTFA_IRQHandler                          0x000000eb   Thumb Code     0  startup_mkl25z4.o(.text)
    I2C0_IRQHandler                          0x000000eb   Thumb Code     0  startup_mkl25z4.o(.text)
    I2C1_IRQHandler                          0x000000eb   Thumb Code     0  startup_mkl25z4.o(.text)
    LLWU_IRQHandler                          0x000000eb   Thumb Code     0  startup_mkl25z4.o(.text)
    LPTMR0_IRQHandler                        0x000000eb   Thumb Code     0  startup_mkl25z4.o(.text)
    LVD_LVW_IRQHandler                       0x000000eb   Thumb Code     0  startup_mkl25z4.o(.text)
    MCG_IRQHandler                           0x000000eb   Thumb Code     0  startup_mkl25z4.o(.text)
    PORTA_IRQHandler                         0x000000eb   Thumb Code     0  startup_mkl25z4.o(.text)
    PORTD_IRQHandler                         0x000000eb   Thumb Code     0  startup_mkl25z4.o(.text)
    RTC_IRQHandler                           0x000000eb   Thumb Code     0  startup_mkl25z4.o(.text)
    RTC_Seconds_IRQHandler                   0x000000eb   Thumb Code     0  startup_mkl25z4.o(.text)
    Reserved20_IRQHandler                    0x000000eb   Thumb Code     0  startup_mkl25z4.o(.text)
    Reserved39_IRQHandler                    0x000000eb   Thumb Code     0  startup_mkl25z4.o(.text)
    Reserved45_IRQHandler                    0x000000eb   Thumb Code     0  startup_mkl25z4.o(.text)
    SPI0_IRQHandler                          0x000000eb   Thumb Code     0  startup_mkl25z4.o(.text)
    SPI1_IRQHandler                          0x000000eb   Thumb Code     0  startup_mkl25z4.o(.text)
    TPM1_IRQHandler                          0x000000eb   Thumb Code     0  startup_mkl25z4.o(.text)
    TPM2_IRQHandler                          0x000000eb   Thumb Code     0  startup_mkl25z4.o(.text)
    TSI0_IRQHandler                          0x000000eb   Thumb Code     0  startup_mkl25z4.o(.text)
    UART1_IRQHandler                         0x000000eb   Thumb Code     0  startup_mkl25z4.o(.text)
    UART2_IRQHandler                         0x000000eb   Thumb Code     0  startup_mkl25z4.o(.text)
    USB0_IRQHandler                          0x000000eb   Thumb Code     0  startup_mkl25z4.o(.text)
    __aeabi_uidiv                            0x000000fd   Thumb Code     0  uidiv.o(.text)
    __aeabi_uidivmod                         0x000000fd   Thumb Code    44  uidiv.o(.text)
    __scatterload                            0x00000129   Thumb Code    28  init.o(.text)
    __scatterload_rt2                        0x00000129   Thumb Code     0  init.o(.text)
    Control_RGB_LEDs                         0x0000014d   Thumb Code    52  leds.o(i.Control_RGB_LEDs)
    Delay                                    0x00000189   Thumb Code    20  delay.o(i.Delay)
    Disable_Profiling                        0x000001a1   Thumb Code     8  profile.o(i.Disable_Profiling)
    Display_Profile                          0x000001ad   Thumb Code   194  profile.o(i.Display_Profile)
    Enable_Profiling                         0x000002c1   Thumb Code     8  profile.o(i.Enable_Profiling)
    Init_Debug_Signals                       0x000002cd   Thumb Code   116  debug.o(i.Init_Debug_Signals)
    Init_Profiling                           0x00000351   Thumb Code    78  profile.o(i.Init_Profiling)
    LCD_Erase                                0x000003b1   Thumb Code    10  lcd_text.o(i.LCD_Erase)
    LCD_TS_Blocking_Read                     0x000003c1   Thumb Code    48  touchscreen.o(i.LCD_TS_Blocking_Read)
    PIT_Start                                0x000003f1   Thumb Code    12  pit.o(i.PIT_Start)
    Init_RGB_LEDs                            0x00000411   Thumb Code    82  leds.o(i.Init_RGB_LEDs)
    LCD_Controller_Init                      0x00000479   Thumb Code   112  st7789.o(i.LCD_Controller_Init)
    LCD_Fill_Buffer                          0x000004ed   Thumb Code   208  st7789.o(i.LCD_Fill_Buffer)
    LCD_GPIO_Init                            0x000005c1   Thumb Code   292  st7789.o(i.LCD_GPIO_Init)
    LCD_Init                                 0x000006f5   Thumb Code    80  st7789.o(i.LCD_Init)
    LCD_JPEG                                 0x0000075d   Thumb Code   150  lcd_jpeg.o(i.LCD_JPEG)
    LCD_Plot_Pixel                           0x0000084d   Thumb Code   202  st7789.o(i.LCD_Plot_Pixel)
    LCD_Start_Rectangle                      0x0000091d   Thumb Code   254  st7789.o(i.LCD_Start_Rectangle)
    LCD_TS_Init                              0x00000a21   Thumb Code    24  touchscreen.o(i.LCD_TS_Init)
    LCD_TS_Read                              0x00000a41   Thumb Code   388  touchscreen.o(i.LCD_TS_Read)
    LCD_Text_Init                            0x00000bdd   Thumb Code    42  lcd_text.o(i.LCD_Text_Init)
    LCD_Text_PrintChar                       0x00000c19   Thumb Code   412  lcd_text.o(i.LCD_Text_PrintChar)
    LCD_Text_PrintStr                        0x00000dc1   Thumb Code    70  lcd_text.o(i.LCD_Text_PrintStr)
    LCD_Text_PrintStr_RC                     0x00000e0d   Thumb Code    82  lcd_text.o(i.LCD_Text_PrintStr_RC)
    LCD_Text_Set_Colors                      0x00000e65   Thumb Code    30  lcd_text.o(i.LCD_Text_Set_Colors)
    LCD_Write_Rectangle_N_Quad_Pixel_Components 0x00000e8d   Thumb Code   110  st7789.o(i.LCD_Write_Rectangle_N_Quad_Pixel_Components)
    LCD_Write_Rectangle_Pixel                0x00000f0d   Thumb Code    68  st7789.o(i.LCD_Write_Rectangle_Pixel)
    PIT_IRQHandler                           0x00000f55   Thumb Code    48  pit.o(i.PIT_IRQHandler)
    PIT_Init                                 0x00000f8d   Thumb Code    76  pit.o(i.PIT_Init)
    PWM_Init                                 0x00000ff1   Thumb Code    92  timers.o(i.PWM_Init)
    Process_Profile_Sample                   0x0000105d   Thumb Code    94  profile.o(i.Process_Profile_Sample)
    Q_Dequeue                                0x000010cd   Thumb Code    60  queue.o(i.Q_Dequeue)
    Q_Empty                                  0x00001109   Thumb Code    14  queue.o(i.Q_Empty)
    Q_Enqueue                                0x00001117   Thumb Code    54  queue.o(i.Q_Enqueue)
    Q_Full                                   0x0000114d   Thumb Code    16  queue.o(i.Q_Full)
    SD_Init                                  0x0000115d   Thumb Code   496  sd_io.o(i.SD_Init)
    SD_Read                                  0x00001351   Thumb Code   192  sd_io.o(i.SD_Read)
    SPI_CS_High                              0x00001419   Thumb Code    12  spi_io.o(i.SPI_CS_High)
    SPI_CS_Low                               0x00001429   Thumb Code    12  spi_io.o(i.SPI_CS_Low)
    SPI_Freq_High                            0x00001439   Thumb Code     8  spi_io.o(i.SPI_Freq_High)
    SPI_Init                                 0x00001445   Thumb Code    64  spi_io.o(i.SPI_Init)
    SPI_RW                                   0x00001499   Thumb Code    50  spi_io.o(i.SPI_RW)
    SPI_Release                              0x000014d5   Thumb Code    70  spi_io.o(i.SPI_Release)
    SPI_Timer_Off                            0x00001525   Thumb Code     8  spi_io.o(i.SPI_Timer_Off)
    SPI_Timer_On                             0x00001531   Thumb Code    26  spi_io.o(i.SPI_Timer_On)
    SPI_Timer_Status                         0x00001555   Thumb Code    12  spi_io.o(i.SPI_Timer_Status)
    Sort_Profile_Regions                     0x00001565   Thumb Code   152  profile.o(i.Sort_Profile_Regions)
    SystemInit                               0x0000160d   Thumb Code   184  system_mkl25z4.o(i.SystemInit)
    TPM0_IRQHandler                          0x000016f5   Thumb Code    12  timers.o(i.TPM0_IRQHandler)
    UART0_IRQHandler                         0x00001705   Thumb Code    88  uart.o(i.UART0_IRQHandler)
    __0snprintf$6                            0x00001769   Thumb Code    46  printf6.o(i.__0snprintf$6)
    __1snprintf$6                            0x00001769   Thumb Code     0  printf6.o(i.__0snprintf$6)
    __2snprintf                              0x00001769   Thumb Code     0  printf6.o(i.__0snprintf$6)
    __0sprintf$6                             0x0000179d   Thumb Code    36  printf6.o(i.__0sprintf$6)
    __1sprintf$6                             0x0000179d   Thumb Code     0  printf6.o(i.__0sprintf$6)
    __2sprintf                               0x0000179d   Thumb Code     0  printf6.o(i.__0sprintf$6)
    __SD_Sectors                             0x000017c5   Thumb Code   208  sd_io.o(i.__SD_Sectors)
    __SD_Send_Cmd                            0x00001895   Thumb Code   154  sd_io.o(i.__SD_Send_Cmd)
    __scatterload_copy                       0x00001935   Thumb Code    14  handlers.o(i.__scatterload_copy)
    __scatterload_null                       0x00001943   Thumb Code     2  handlers.o(i.__scatterload_null)
    __scatterload_zeroinit                   0x00001945   Thumb Code    14  handlers.o(i.__scatterload_zeroinit)
    disk_initialize                          0x00002185   Thumb Code    16  diskio.o(i.disk_initialize)
    disk_readp                               0x00002199   Thumb Code   158  diskio.o(i.disk_readp)
    free                                     0x00002499   Thumb Code    80  malloc.o(i.free)
    main                                     0x00002b25   Thumb Code   176  main.o(i.main)
    malloc                                   0x00002c35   Thumb Code    92  malloc.o(i.malloc)
    pf_mount                                 0x00002ca1   Thumb Code   436  pff.o(i.pf_mount)
    pf_open                                  0x00002e65   Thumb Code   134  pff.o(i.pf_open)
    pf_opendir                               0x00002ef1   Thumb Code   146  pff.o(i.pf_opendir)
    pf_read                                  0x00002f89   Thumb Code   292  pff.o(i.pf_read)
    pf_readdir                               0x000030b5   Thumb Code   502  pff.o(i.pf_readdir)
    pjpeg_decode_init                        0x000032b1   Thumb Code  1192  picojpeg.o(i.pjpeg_decode_init)
    pjpeg_decode_mcu                         0x00003769   Thumb Code    52  picojpeg.o(i.pjpeg_decode_mcu)
    pjpeg_load_from_file                     0x000037a1   Thumb Code   740  lcd_jpeg.o(i.pjpeg_load_from_file)
    pjpeg_need_bytes_callback                0x00003a8d   Thumb Code    38  lcd_jpeg.o(i.pjpeg_need_bytes_callback)
    RegionTable                              0x00004afc   Data        3904  region.o(.constdata)
    NumProfileRegions                        0x00005a3c   Data           4  region.o(.constdata)
    Lucida_Console12x19                      0x00005a40   Data        3831  lucida_12x19.o(.constdata)
    Init_Seq_ST7789                          0x00006937   Data         142  st7789.o(.constdata)
    gWinogradQuant                           0x00006a05   Data          64  picojpeg.o(.constdata)
    Region$$Table$$Base                      0x00006ac8   Number         0  anon$$obj.o(Region$$Table)
    Region$$Table$$Limit                     0x00006ae8   Number         0  anon$$obj.o(Region$$Table)
    profiling_enabled                        0x1ffff000   Data           1  profile.o(.data)
    adx_lost                                 0x1ffff004   Data           4  profile.o(.data)
    num_lost                                 0x1ffff008   Data           4  profile.o(.data)
    profile_samples                          0x1ffff00c   Data           4  profile.o(.data)
    PC_val                                   0x1ffff010   Data           4  profile.o(.data)
    G_LCD_char_width                         0x1ffff018   Data           1  lcd_text.o(.data)
    G_LCD_char_height                        0x1ffff019   Data           1  lcd_text.o(.data)
    fg                                       0x1ffff01a   Data           3  lcd_text.o(.data)
    bg                                       0x1ffff01d   Data           3  lcd_text.o(.data)
    font                                     0x1ffff020   Data           4  lcd_text.o(.data)
    font_header                              0x1ffff024   Data           4  lcd_text.o(.data)
    glyph_index                              0x1ffff028   Data           4  lcd_text.o(.data)
    pixel_data_hash                          0x1ffff02c   Data           4  st7789.o(.data)
    LCD_TS_Calibrated                        0x1ffff030   Data           1  touchscreen.o(.data)
    LCD_TS_X_Scale                           0x1ffff038   Data           4  touchscreen.o(.data)
    LCD_TS_X_Offset                          0x1ffff03c   Data           4  touchscreen.o(.data)
    LCD_TS_Y_Scale                           0x1ffff040   Data           4  touchscreen.o(.data)
    LCD_TS_Y_Offset                          0x1ffff044   Data           4  touchscreen.o(.data)
    TS_Min                                   0x1ffff048   Data           8  touchscreen.o(.data)
    TS_Max                                   0x1ffff050   Data           8  touchscreen.o(.data)
    black                                    0x1ffff0a4   Data           3  colors.o(.data)
    white                                    0x1ffff0a7   Data           3  colors.o(.data)
    yellow                                   0x1ffff0aa   Data           3  colors.o(.data)
    dark_yellow                              0x1ffff0ad   Data           3  colors.o(.data)
    start                                    0x1ffff0b0   Data           4  diskio.o(.data)
    SystemCoreClock                          0x1ffff0bc   Data           4  system_mkl25z4.o(.data)
    __microlib_freelist                      0x1ffff0c0   Data           4  mvars.o(.data)
    __microlib_freelist_initialised          0x1ffff0c4   Data           4  mvars.o(.data)
    TxQ                                      0x1ffff0c8   Data         268  uart.o(.bss)
    RxQ                                      0x1ffff1d4   Data         268  uart.o(.bss)
    RegionCount                              0x1ffff2e0   Data         488  region.o(.bss)
    SortedRegions                            0x1ffff4c8   Data         488  region.o(.bss)
    dev                                      0x20000190   Data          12  diskio.o(.bss)
    __heap_base                              0x200001a0   Data           0  startup_mkl25z4.o(HEAP)
    __heap_limit                             0x200009a0   Data           0  startup_mkl25z4.o(HEAP)
    __initial_sp                             0x20000da0   Data           0  startup_mkl25z4.o(STACK)



==============================================================================

Memory Map of the image

  Image Entry point : 0x000000c1

  Load Region LR_IROM1 (Base: 0x00000000, Size: 0x00006bb0, Max: 0x00020000, ABSOLUTE)

    Execution Region ER_IROM1 (Exec base: 0x00000000, Load base: 0x00000000, Size: 0x00006ae8, Max: 0x00020000, ABSOLUTE)

    Exec Addr    Load Addr    Size         Type   Attr      Idx    E Section Name        Object

    0x00000000   0x00000000   0x000000c0   Data   RO         1414    RESET               startup_mkl25z4.o
    0x000000c0   0x000000c0   0x00000000   Code   RO         1478  * .ARM.Collect$$$$00000000  mc_p.l(entry.o)
    0x000000c0   0x000000c0   0x00000004   Code   RO         1835    .ARM.Collect$$$$00000001  mc_p.l(entry2.o)
    0x000000c4   0x000000c4   0x00000004   Code   RO         1838    .ARM.Collect$$$$00000004  mc_p.l(entry5.o)
    0x000000c8   0x000000c8   0x00000000   Code   RO         1840    .ARM.Collect$$$$00000008  mc_p.l(entry7b.o)
    0x000000c8   0x000000c8   0x00000000   Code   RO         1842    .ARM.Collect$$$$0000000A  mc_p.l(entry8b.o)
    0x000000c8   0x000000c8   0x00000008   Code   RO         1843    .ARM.Collect$$$$0000000B  mc_p.l(entry9a.o)
    0x000000d0   0x000000d0   0x00000000   Code   RO         1845    .ARM.Collect$$$$0000000D  mc_p.l(entry10a.o)
    0x000000d0   0x000000d0   0x00000000   Code   RO         1847    .ARM.Collect$$$$0000000F  mc_p.l(entry11a.o)
    0x000000d0   0x000000d0   0x00000004   Code   RO         1836    .ARM.Collect$$$$00002712  mc_p.l(entry2.o)
    0x000000d4   0x000000d4   0x00000028   Code   RO         1416    .text               startup_mkl25z4.o
    0x000000fc   0x000000fc   0x0000002c   Code   RO         1481    .text               mc_p.l(uidiv.o)
    0x00000128   0x00000128   0x00000024   Code   RO         1889    .text               mc_p.l(init.o)
    0x0000014c   0x0000014c   0x0000003c   Code   RO           54    i.Control_RGB_LEDs  leds.o
    0x00000188   0x00000188   0x00000018   Code   RO            3    i.Delay             delay.o
    0x000001a0   0x000001a0   0x0000000c   Code   RO          509    i.Disable_Profiling  profile.o
    0x000001ac   0x000001ac   0x00000114   Code   RO          510    i.Display_Profile   profile.o
    0x000002c0   0x000002c0   0x0000000c   Code   RO          511    i.Enable_Profiling  profile.o
    0x000002cc   0x000002cc   0x00000084   Code   RO          227    i.Init_Debug_Signals  debug.o
    0x00000350   0x00000350   0x00000060   Code   RO          512    i.Init_Profiling    profile.o
    0x000003b0   0x000003b0   0x00000010   Code   RO          741    i.LCD_Erase         lcd_text.o
    0x000003c0   0x000003c0   0x00000030   Code   RO          947    i.LCD_TS_Blocking_Read  touchscreen.o
    0x000003f0   0x000003f0   0x00000010   Code   RO          605    i.PIT_Start         pit.o
    0x00000400   0x00000400   0x00000010   Code   RO         1415    .ARM.__at_0x400     startup_mkl25z4.o
    0x00000410   0x00000410   0x00000068   Code   RO           55    i.Init_RGB_LEDs     leds.o
    0x00000478   0x00000478   0x00000074   Code   RO          828    i.LCD_Controller_Init  st7789.o
    0x000004ec   0x000004ec   0x000000d4   Code   RO          829    i.LCD_Fill_Buffer   st7789.o
    0x000005c0   0x000005c0   0x00000134   Code   RO          831    i.LCD_GPIO_Init     st7789.o
    0x000006f4   0x000006f4   0x00000068   Code   RO          832    i.LCD_Init          st7789.o
    0x0000075c   0x0000075c   0x000000f0   Code   RO          648    i.LCD_JPEG          lcd_jpeg.o
    0x0000084c   0x0000084c   0x000000d0   Code   RO          833    i.LCD_Plot_Pixel    st7789.o
    0x0000091c   0x0000091c   0x00000104   Code   RO          838    i.LCD_Start_Rectangle  st7789.o
    0x00000a20   0x00000a20   0x00000020   Code   RO          949    i.LCD_TS_Init       touchscreen.o
    0x00000a40   0x00000a40   0x0000019c   Code   RO          950    i.LCD_TS_Read       touchscreen.o
    0x00000bdc   0x00000bdc   0x0000003c   Code   RO          743    i.LCD_Text_Init     lcd_text.o
    0x00000c18   0x00000c18   0x000001a8   Code   RO          744    i.LCD_Text_PrintChar  lcd_text.o
    0x00000dc0   0x00000dc0   0x0000004c   Code   RO          745    i.LCD_Text_PrintStr  lcd_text.o
    0x00000e0c   0x00000e0c   0x00000058   Code   RO          746    i.LCD_Text_PrintStr_RC  lcd_text.o
    0x00000e64   0x00000e64   0x00000028   Code   RO          747    i.LCD_Text_Set_Colors  lcd_text.o
    0x00000e8c   0x00000e8c   0x00000080   Code   RO          839    i.LCD_Write_Rectangle_N_Quad_Pixel_Components  st7789.o
    0x00000f0c   0x00000f0c   0x00000048   Code   RO          840    i.LCD_Write_Rectangle_Pixel  st7789.o
    0x00000f54   0x00000f54   0x00000038   Code   RO          603    i.PIT_IRQHandler    pit.o
    0x00000f8c   0x00000f8c   0x00000064   Code   RO          604    i.PIT_Init          pit.o
    0x00000ff0   0x00000ff0   0x0000006c   Code   RO          316    i.PWM_Init          timers.o
    0x0000105c   0x0000105c   0x00000070   Code   RO          514    i.Process_Profile_Sample  profile.o
    0x000010cc   0x000010cc   0x0000003c   Code   RO          457    i.Q_Dequeue         queue.o
    0x00001108   0x00001108   0x0000000e   Code   RO          458    i.Q_Empty           queue.o
    0x00001116   0x00001116   0x00000036   Code   RO          459    i.Q_Enqueue         queue.o
    0x0000114c   0x0000114c   0x00000010   Code   RO          460    i.Q_Full            queue.o
    0x0000115c   0x0000115c   0x000001f4   Code   RO         1267    i.SD_Init           sd_io.o
    0x00001350   0x00001350   0x000000c8   Code   RO         1268    i.SD_Read           sd_io.o
    0x00001418   0x00001418   0x00000010   Code   RO         1378    i.SPI_CS_High       spi_io.o
    0x00001428   0x00001428   0x00000010   Code   RO         1372    i.SPI_CS_Low        spi_io.o
    0x00001438   0x00001438   0x0000000c   Code   RO         1384    i.SPI_Freq_High     spi_io.o
    0x00001444   0x00001444   0x00000054   Code   RO         1337    i.SPI_Init          spi_io.o
    0x00001498   0x00001498   0x0000003c   Code   RO         1338    i.SPI_RW            spi_io.o
    0x000014d4   0x000014d4   0x00000050   Code   RO         1339    i.SPI_Release       spi_io.o
    0x00001524   0x00001524   0x0000000c   Code   RO         1402    i.SPI_Timer_Off     spi_io.o
    0x00001530   0x00001530   0x00000024   Code   RO         1340    i.SPI_Timer_On      spi_io.o
    0x00001554   0x00001554   0x00000010   Code   RO         1396    i.SPI_Timer_Status  spi_io.o
    0x00001564   0x00001564   0x000000a8   Code   RO          515    i.Sort_Profile_Regions  profile.o
    0x0000160c   0x0000160c   0x000000e8   Code   RO         1425    i.SystemInit        system_mkl25z4.o
    0x000016f4   0x000016f4   0x00000010   Code   RO          318    i.TPM0_IRQHandler   timers.o
    0x00001704   0x00001704   0x00000064   Code   RO          376    i.UART0_IRQHandler  uart.o
    0x00001768   0x00001768   0x00000034   Code   RO         1641    i.__0snprintf$6     mc_p.l(printf6.o)
    0x0000179c   0x0000179c   0x00000028   Code   RO         1642    i.__0sprintf$6      mc_p.l(printf6.o)
    0x000017c4   0x000017c4   0x000000d0   Code   RO         1272    i.__SD_Sectors      sd_io.o
    0x00001894   0x00001894   0x000000a0   Code   RO         1273    i.__SD_Send_Cmd     sd_io.o
    0x00001934   0x00001934   0x0000000e   Code   RO         1899    i.__scatterload_copy  mc_p.l(handlers.o)
    0x00001942   0x00001942   0x00000002   Code   RO         1900    i.__scatterload_null  mc_p.l(handlers.o)
    0x00001944   0x00001944   0x0000000e   Code   RO         1901    i.__scatterload_zeroinit  mc_p.l(handlers.o)
    0x00001952   0x00001952   0x00000002   PAD
    0x00001954   0x00001954   0x00000304   Code   RO         1647    i._printf_core      mc_p.l(printf6.o)
    0x00001c58   0x00001c58   0x00000020   Code   RO         1648    i._printf_post_padding  mc_p.l(printf6.o)
    0x00001c78   0x00001c78   0x0000002c   Code   RO         1649    i._printf_pre_padding  mc_p.l(printf6.o)
    0x00001ca4   0x00001ca4   0x00000016   Code   RO         1650    i._snputc           mc_p.l(printf6.o)
    0x00001cba   0x00001cba   0x0000000a   Code   RO         1651    i._sputc            mc_p.l(printf6.o)
    0x00001cc4   0x00001cc4   0x0000007c   Code   RO          991    i.convertCb         picojpeg.o
    0x00001d40   0x00001d40   0x0000007c   Code   RO          992    i.convertCr         picojpeg.o
    0x00001dbc   0x00001dbc   0x0000003c   Code   RO          993    i.copyY             picojpeg.o
    0x00001df8   0x00001df8   0x000002d0   Code   RO          994    i.decodeNextMCU     picojpeg.o
    0x000020c8   0x000020c8   0x000000bc   Code   RO         1204    i.dir_next          pff.o
    0x00002184   0x00002184   0x00000014   Code   RO         1153    i.disk_initialize   diskio.o
    0x00002198   0x00002198   0x000000ac   Code   RO         1154    i.disk_readp        diskio.o
    0x00002244   0x00002244   0x00000254   Code   RO         1205    i.follow_path       pff.o
    0x00002498   0x00002498   0x00000054   Code   RO         1746    i.free              mc_p.l(malloc.o)
    0x000024ec   0x000024ec   0x0000007c   Code   RO          995    i.getBits           picojpeg.o
    0x00002568   0x00002568   0x0000000a   Code   RO          996    i.getBits1          picojpeg.o
    0x00002572   0x00002572   0x0000000a   Code   RO          997    i.getBits2          picojpeg.o
    0x0000257c   0x0000257c   0x0000005c   Code   RO          998    i.getChar           picojpeg.o
    0x000025d8   0x000025d8   0x00000044   Code   RO          999    i.getOctet          picojpeg.o
    0x0000261c   0x0000261c   0x000000b8   Code   RO         1000    i.huffDecode        picojpeg.o
    0x000026d4   0x000026d4   0x000000e4   Code   RO         1001    i.huffExtend        picojpeg.o
    0x000027b8   0x000027b8   0x0000025c   Code   RO         1002    i.idctCols          picojpeg.o
    0x00002a14   0x00002a14   0x00000110   Code   RO         1003    i.idctRows          picojpeg.o
    0x00002b24   0x00002b24   0x00000110   Code   RO           87    i.main              main.o
    0x00002c34   0x00002c34   0x0000006c   Code   RO         1747    i.malloc            mc_p.l(malloc.o)
    0x00002ca0   0x00002ca0   0x000001c4   Code   RO         1207    i.pf_mount          pff.o
    0x00002e64   0x00002e64   0x0000008c   Code   RO         1208    i.pf_open           pff.o
    0x00002ef0   0x00002ef0   0x00000098   Code   RO         1209    i.pf_opendir        pff.o
    0x00002f88   0x00002f88   0x0000012c   Code   RO         1210    i.pf_read           pff.o
    0x000030b4   0x000030b4   0x000001fc   Code   RO         1211    i.pf_readdir        pff.o
    0x000032b0   0x000032b0   0x000004b8   Code   RO         1004    i.pjpeg_decode_init  picojpeg.o
    0x00003768   0x00003768   0x00000038   Code   RO         1005    i.pjpeg_decode_mcu  picojpeg.o
    0x000037a0   0x000037a0   0x000002ec   Code   RO          649    i.pjpeg_load_from_file  lcd_jpeg.o
    0x00003a8c   0x00003a8c   0x0000002c   Code   RO          650    i.pjpeg_need_bytes_callback  lcd_jpeg.o
    0x00003ab8   0x00003ab8   0x00000314   Code   RO         1006    i.processMarkers    picojpeg.o
    0x00003dcc   0x00003dcc   0x0000011c   Code   RO         1007    i.transformBlock    picojpeg.o
    0x00003ee8   0x00003ee8   0x00000634   Code   RO         1008    i.transformBlockReduce  picojpeg.o
    0x0000451c   0x0000451c   0x00000150   Code   RO         1009    i.upsampleCb        picojpeg.o
    0x0000466c   0x0000466c   0x000000d0   Code   RO         1010    i.upsampleCbH       picojpeg.o
    0x0000473c   0x0000473c   0x000000d0   Code   RO         1011    i.upsampleCbV       picojpeg.o
    0x0000480c   0x0000480c   0x00000150   Code   RO         1012    i.upsampleCr        picojpeg.o
    0x0000495c   0x0000495c   0x000000d0   Code   RO         1013    i.upsampleCrH       picojpeg.o
    0x00004a2c   0x00004a2c   0x000000d0   Code   RO         1014    i.upsampleCrV       picojpeg.o
    0x00004afc   0x00004afc   0x00000f40   Data   RO          588    .constdata          region.o
    0x00005a3c   0x00005a3c   0x00000004   Data   RO          589    .constdata          region.o
    0x00005a40   0x00005a40   0x00000ef7   Data   RO          817    .constdata          lucida_12x19.o
    0x00006937   0x00006937   0x0000008e   Data   RO          843    .constdata          st7789.o
    0x000069c5   0x000069c5   0x00000080   Data   RO         1016    .constdata          picojpeg.o
    0x00006a45   0x00006a45   0x00000080   Data   RO         1212    .constdata          pff.o
    0x00006ac5   0x00006ac5   0x00000003   PAD
    0x00006ac8   0x00006ac8   0x00000020   Data   RO         1897    Region$$Table       anon$$obj.o


    Execution Region RW_IRAM1 (Exec base: 0x1ffff000, Load base: 0x00006ae8, Size: 0x00001da0, Max: 0x00004000, ABSOLUTE)

    Exec Addr    Load Addr    Size         Type   Attr      Idx    E Section Name        Object

    0x1ffff000   0x00006ae8   0x00000014   Data   RW          516    .data               profile.o
    0x1ffff014   0x00006afc   0x00000004   Data   RW          651    .data               lcd_jpeg.o
    0x1ffff018   0x00006b00   0x00000014   Data   RW          749    .data               lcd_text.o
    0x1ffff02c   0x00006b14   0x00000004   Data   RW          844    .data               st7789.o
    0x1ffff030   0x00006b18   0x00000028   Data   RW          951    .data               touchscreen.o
    0x1ffff058   0x00006b40   0x0000004c   Data   RW         1018    .data               picojpeg.o
    0x1ffff0a4   0x00006b8c   0x00000003   Data   RW         1125    .data               colors.o
    0x1ffff0a7   0x00006b8f   0x00000003   Data   RW         1126    .data               colors.o
    0x1ffff0aa   0x00006b92   0x00000003   Data   RW         1130    .data               colors.o
    0x1ffff0ad   0x00006b95   0x00000003   Data   RW         1136    .data               colors.o
    0x1ffff0b0   0x00006b98   0x00000008   Data   RW         1157    .data               diskio.o
    0x1ffff0b8   0x00006ba0   0x00000004   Data   RW         1213    .data               pff.o
    0x1ffff0bc   0x00006ba4   0x00000004   Data   RW         1426    .data               system_mkl25z4.o
    0x1ffff0c0   0x00006ba8   0x00000004   Data   RW         1857    .data               mc_p.l(mvars.o)
    0x1ffff0c4   0x00006bac   0x00000004   Data   RW         1858    .data               mc_p.l(mvars.o)
    0x1ffff0c8        -       0x00000218   Zero   RW          381    .bss                uart.o
    0x1ffff2e0        -       0x000001e8   Zero   RW          586    .bss                region.o
    0x1ffff4c8        -       0x000001e8   Zero   RW          587    .bss                region.o
    0x1ffff6b0        -       0x000008e0   Zero   RW         1015    .bss                picojpeg.o
    0x1fffff90        -       0x0000020c   Zero   RW         1156    .bss                diskio.o
    0x2000019c   0x00006bb0   0x00000004   PAD
    0x200001a0        -       0x00000800   Zero   RW         1413    HEAP                startup_mkl25z4.o
    0x200009a0        -       0x00000400   Zero   RW         1412    STACK               startup_mkl25z4.o


==============================================================================

Image component sizes


      Code (inc. data)   RO Data    RW Data    ZI Data      Debug   Object Name

         0          0          0         12          0       1098   colors.o
       132         16          0          0          0        457   debug.o
        24          4          0          0          0       5332   delay.o
       192         18          0          8        524       5099   diskio.o
      1032        104          0          4          0      10881   lcd_jpeg.o
       704         58          0         20          0       6556   lcd_text.o
       164         30          0          0          0       1063   leds.o
         0          0       3831          0          0        550   lucida_12x19.o
       272         96          0          0          0       3328   main.o
      2336         56        128          4          0      15609   pff.o
      8048        524        128         76       2272      38347   picojpeg.o
       172         36          0          0          0       9544   pit.o
       676        142          0         20          0       4063   profile.o
       144          0          0          0          0       5569   queue.o
         0          0       3908          0        976       1054   region.o
      1068         18          0          0          0       6159   sd_io.o
       332         70          0          0          0       4503   spi_io.o
      1408         82        142          4          0       8912   st7789.o
        56         30        192          0       3072        856   startup_mkl25z4.o
       232         48          0          4          0        819   system_mkl25z4.o
       124         20          0          0          0     212953   timers.o
       492         32          0         40          0       3010   touchscreen.o
       100         12          0          0        536       2399   uart.o

    ----------------------------------------------------------------------
     17708       1396       8364        192       7384     348161   Object Totals
         0          0         32          0          0          0   (incl. Generated)
         0          0          3          0          4          0   (incl. Padding)

    ----------------------------------------------------------------------

      Code (inc. data)   RO Data    RW Data    ZI Data      Debug   Library Member Name

         0          0          0          0          0          0   entry.o
         0          0          0          0          0          0   entry10a.o
         0          0          0          0          0          0   entry11a.o
         8          4          0          0          0          0   entry2.o
         4          0          0          0          0          0   entry5.o
         0          0          0          0          0          0   entry7b.o
         0          0          0          0          0          0   entry8b.o
         8          4          0          0          0          0   entry9a.o
        30          0          0          0          0          0   handlers.o
        36          8          0          0          0         68   init.o
       192         20          0          0          0        144   malloc.o
         0          0          0          8          0          0   mvars.o
       972         14          0          0          0        528   printf6.o
        44          0          0          0          0         72   uidiv.o

    ----------------------------------------------------------------------
      1296         50          0          8          0        812   Library Totals
         2          0          0          0          0          0   (incl. Padding)

    ----------------------------------------------------------------------

      Code (inc. data)   RO Data    RW Data    ZI Data      Debug   Library Name

      1294         50          0          8          0        812   mc_p.l

    ----------------------------------------------------------------------
      1296         50          0          8          0        812   Library Totals

    ----------------------------------------------------------------------

==============================================================================


      Code (inc. data)   RO Data    RW Data    ZI Data      Debug   

     19004       1446       8364        200       7384     345033   Grand Totals
     19004       1446       8364        200       7384     345033   ELF Image Totals
     19004       1446       8364        200          0          0   ROM Totals

==============================================================================

    Total RO  Size (Code + RO Data)                27368 (  26.73kB)
    Total RW  Size (RW Data + ZI Data)              7584 (   7.41kB)
    Total ROM Size (Code + RO Data + RW Data)      27568 (  26.92kB)

==============================================================================

